# jev-opt request log, run ps2-jaq
# ts round phase questions http_status latency_ms input_tokens output_tokens cost_usd
# prompt-study-2-2026-09-24, target jaq, vocab v6-2026-09-23, state state-v6.0-2026-09-23, leak check clean
2026-09-24T17:02:59.606640+09:00 r1 B0.A     15 200   2270.5   39613    640 0.00000000  (after 51 failed attempt(s): HTTP 503, HTTP 503, HTTP 503, HTTP 503, HTTP 503, HTTP 503, HTTP 503, HTTP 503, HTTP 503, HTTP 503, HTTP 503, HTTP 503, HTTP 503, HTTP 503, HTTP 503, HTTP 503, HTTP 503, HTTP 503, HTTP 503, HTTP 503, HTTP 503, HTTP 503, HTTP 503, HTTP 503, HTTP 503, HTTP 503, HTTP 503, HTTP 503, HTTP 503, HTTP 503, HTTP 503, HTTP 503, HTTP 503, HTTP 503, HTTP 503, HTTP 503, HTTP 429, HTTP 503, HTTP 503, HTTP 503, HTTP 503, HTTP 503, HTTP 503, HTTP 503, HTTP 503, HTTP 503, HTTP 503, HTTP 503, HTTP 503, HTTP 503, HTTP 503)
#   request 119395 bytes sha256 35332537e91821f2, 52 attempt(s), 112.0 s waited
#   attempt 1 2026-09-24T16:59:22.866742+09:00 http 503 1876.7 ms gen gen_01M396TA8APVYR0WDHHBRHHRFS then sleep 2.0 s
#   attempt 2 2026-09-24T16:59:26.743635+09:00 http 503 2034.2 ms gen gen_01M396TDX57KM8PNQD4GXHFQQY then sleep 2.0 s
#   attempt 3 2026-09-24T16:59:30.778016+09:00 http 503 1818.7 ms gen gen_01M396THXQ15JK6V4M2VKF8AD3 then sleep 2.0 s
#   attempt 4 2026-09-24T16:59:34.596906+09:00 http 503 1892.5 ms gen gen_01M396TNM400V2JGR3Q40PKQWE then sleep 2.0 s
#   attempt 5 2026-09-24T16:59:38.489569+09:00 http 503 2062.8 ms gen gen_01M396TSHM8124CR79224CYXWJ then sleep 2.0 s
#   attempt 6 2026-09-24T16:59:42.552538+09:00 http 503 2002.1 ms gen gen_01M396TXJT6FVDT2ETR7HHDK3R then sleep 2.0 s
#   attempt 7 2026-09-24T16:59:46.553455+09:00 http 503 1913.1 ms gen gen_01M396V1CV9PF9GS15ZTQGPWGG then sleep 2.0 s
#   attempt 8 2026-09-24T16:59:50.466685+09:00 http 503 1677.3 ms gen gen_01M396V5859BZKTHX9WBMG6K8H then sleep 2.0 s
#   attempt 9 2026-09-24T16:59:54.144158+09:00 http 503 1995.7 ms gen gen_01M396V8X3REZX0QMHEG87EQHB then sleep 2.0 s
#   attempt 10 2026-09-24T16:59:58.140054+09:00 http 503 1789.2 ms gen gen_01M396VCM8FJF5CF6610SSAR43 then sleep 2.0 s
#   attempt 11 2026-09-24T17:00:01.929415+09:00 http 503 1988.5 ms gen gen_01M396VGFVZXNTQPMM924WDG9J then sleep 2.0 s
#   attempt 12 2026-09-24T17:00:05.918088+09:00 http 503 2030.5 ms gen gen_01M396VME05NJDNXCHCYBX6TZ2 then sleep 2.0 s
#   attempt 13 2026-09-24T17:00:09.948733+09:00 http 503 1806.0 ms gen gen_01M396VR55SF1RWGDBKAPHQH1V then sleep 2.0 s
#   attempt 14 2026-09-24T17:00:13.754874+09:00 http 503 2179.3 ms gen gen_01M396VW2XT5EM2ZF3RP52BCVC then sleep 2.0 s
#   attempt 15 2026-09-24T17:00:17.933457+09:00 http 503 1855.1 ms gen gen_01M396VZZNPP4JHRDHTJBFJ573 then sleep 2.0 s
#   attempt 16 2026-09-24T17:00:21.788761+09:00 http 503 3122.7 ms gen gen_01M396W4APGCMHGAS0V6T2ZB7Q then sleep 2.0 s
#   attempt 17 2026-09-24T17:00:26.911661+09:00 http 503 1759.2 ms gen gen_01M396W8N70V81EQD2M9PC50B0 then sleep 2.0 s
#   attempt 18 2026-09-24T17:00:30.671057+09:00 http 503 2914.5 ms gen gen_01M396WCNB248P9ANW7S65KW2V then sleep 2.0 s
#   attempt 19 2026-09-24T17:00:35.585710+09:00 http 503 1984.2 ms gen gen_01M396WHCGQAKEPY66896ZKNQ6 then sleep 2.0 s
#   attempt 20 2026-09-24T17:00:39.570122+09:00 http 503 1801.8 ms gen gen_01M396WN3QTBCZK1A0ZBF9WR0M then sleep 2.0 s
#   attempt 21 2026-09-24T17:00:43.372105+09:00 http 503 1979.6 ms gen gen_01M396WRXNS1HA55EMRGMHQJ04 then sleep 2.0 s
#   attempt 22 2026-09-24T17:00:47.350018+09:00 http 503 1957.9 ms gen gen_01M396WWT6TTZPVESZVWSAV5J2 then sleep 2.0 s
#   attempt 23 2026-09-24T17:00:51.308141+09:00 http 503 1867.2 ms gen gen_01M396X0KSP7RYVAKB9WDSCVZD then sleep 2.0 s
#   attempt 24 2026-09-24T17:00:55.175535+09:00 http 503 1814.6 ms gen gen_01M396X4ARH0MJKD404T9N1TRP then sleep 2.0 s
#   attempt 25 2026-09-24T17:00:58.990314+09:00 http 503 1855.1 ms gen gen_01M396X83DZ1GE2YM5CF78M60K then sleep 2.0 s
#   attempt 26 2026-09-24T17:01:02.845602+09:00 http 503 2031.6 ms gen gen_01M396XBXHFR1N3N3KWT28YE52 then sleep 2.0 s
#   attempt 27 2026-09-24T17:01:06.877356+09:00 http 503 1629.1 ms gen gen_01M396XFPV7F054FWK5R5RNDJX then sleep 2.0 s
#   attempt 28 2026-09-24T17:01:10.506662+09:00 http 503 1891.3 ms gen gen_01M396XKA62Z9375RX3A7TM98A then sleep 2.0 s
#   attempt 29 2026-09-24T17:01:14.398152+09:00 http 503 2128.0 ms gen gen_01M396XQCGNYB5J9QR0P0GCH8H then sleep 2.0 s
#   attempt 30 2026-09-24T17:01:18.524811+09:00 http 503 1827.3 ms gen gen_01M396XV9EYTKW9FDNTZPXAR57 then sleep 2.0 s
#   attempt 31 2026-09-24T17:01:22.352327+09:00 http 503 1870.0 ms gen gen_01M396XZ2DS8ZDZKAZTBC7ZTW2 then sleep 2.0 s
#   attempt 32 2026-09-24T17:01:26.222530+09:00 http 503 1977.6 ms gen gen_01M396Y2T0BAH6C9TC7YNRY6QQ then sleep 2.0 s
#   attempt 33 2026-09-24T17:01:30.200282+09:00 http 503 2037.8 ms gen gen_01M396Y6MV6DBEQ9H1AR7F0F3X then sleep 2.0 s
#   attempt 34 2026-09-24T17:01:34.238347+09:00 http 503 1969.2 ms gen gen_01M396YAMNSG1585YV0YVRZ57V then sleep 2.0 s
#   attempt 35 2026-09-24T17:01:38.207754+09:00 http 503 2499.4 ms gen gen_01M396YF0MT2ARF855KK9SEAQG then sleep 2.0 s
#   attempt 36 2026-09-24T17:01:42.707369+09:00 http 503 1814.0 ms gen gen_01M396YJQ05DW7QV8S2C5PHSSF then sleep 2.0 s
#   attempt 37 2026-09-24T17:01:46.520445+09:00 http 429 1470.0 ms gen gen_01M396YPPCSWZADAVTYX1S7Y9Y retry-after 12.0 s then sleep 12.0 s
#   attempt 38 2026-09-24T17:01:59.990720+09:00 http 503 1922.0 ms gen gen_01M396Z3PXVPXZ13HJXGAAZG1P then sleep 2.0 s
#   attempt 39 2026-09-24T17:02:03.912953+09:00 http 503 1825.7 ms gen gen_01M396Z7DKQTXFK1SMHN5ADS0A then sleep 2.0 s
#   attempt 40 2026-09-24T17:02:07.738842+09:00 http 503 2207.3 ms gen gen_01M396ZBHDXHZNGB2NRER7TASC then sleep 2.0 s
#   attempt 41 2026-09-24T17:02:11.946359+09:00 http 503 1893.0 ms gen gen_01M396ZFA7BEEV3KG89JMN2WFY then sleep 2.0 s
#   attempt 42 2026-09-24T17:02:15.838093+09:00 http 503 2278.8 ms gen gen_01M396ZKC9DSTR9214YSCGS8BM then sleep 2.0 s
#   attempt 43 2026-09-24T17:02:20.117075+09:00 http 503 2056.9 ms gen gen_01M396ZQEHGKNWF1X3CC0RNW36 then sleep 2.0 s
#   attempt 44 2026-09-24T17:02:24.174161+09:00 http 503 2535.1 ms gen gen_01M396ZVHHMYSMW537DPBRQS9W then sleep 2.0 s
#   attempt 45 2026-09-24T17:02:28.709499+09:00 http 503 2015.8 ms gen gen_01M396ZZZVRCX3EMY12MYF1SWF then sleep 2.0 s
#   attempt 46 2026-09-24T17:02:32.725515+09:00 http 503 2150.9 ms gen gen_01M39703VV5YG7BN2BWE8DJB0N then sleep 2.0 s
#   attempt 47 2026-09-24T17:02:36.876613+09:00 http 503 2667.5 ms gen gen_01M39707VE9925TW6VRAS37JYH then sleep 2.0 s
#   attempt 48 2026-09-24T17:02:41.544326+09:00 http 503 1945.4 ms gen gen_01M3970C8E8RQNH524F6WKDMYN then sleep 2.0 s
#   attempt 49 2026-09-24T17:02:45.488129+09:00 http 503 2047.9 ms gen gen_01M3970G8VGF1RD04DS9T9R7XK then sleep 2.0 s
#   attempt 50 2026-09-24T17:02:49.536207+09:00 http 503 1908.9 ms gen gen_01M3970M2X52YPEZ2APKFVW3HA then sleep 2.0 s
#   attempt 51 2026-09-24T17:02:53.445234+09:00 http 503 1890.6 ms gen gen_01M3970R18HG6KMT6FSSCT96YS then sleep 2.0 s
#   attempt 52 2026-09-24T17:02:57.336074+09:00 http 200 2270.5 ms gen gen_01M3970VS3P94420R3SZ4DA2HA
2026-09-24T17:12:57.606238+09:00 r1 L6.A     15 503   1815.2       0      0 0.00000000  ERROR HTTP 503
#   request 125863 bytes sha256 6945a36c88f6ca51, 142 attempt(s), 319.0 s waited
#   attempt 1 2026-09-24T17:02:59.618871+09:00 http 503 1752.1 ms gen gen_01M3970XSVAY9PRQP22R6W4BQH then sleep 2.0 s
#   attempt 2 2026-09-24T17:03:03.371176+09:00 http 503 1777.0 ms gen gen_01M39711M3CK9BJBED2SV75WYN then sleep 2.0 s
#   attempt 3 2026-09-24T17:03:07.148361+09:00 http 503 1881.9 ms gen gen_01M397158B9NPWCSERQRF6X4DQ then sleep 2.0 s
#   attempt 4 2026-09-24T17:03:11.030381+09:00 http 503 2068.6 ms gen gen_01M397198G3RD6M3GKEH52MNRG then sleep 2.0 s
#   attempt 5 2026-09-24T17:03:15.097777+09:00 http 503 1983.9 ms gen gen_01M3971D4RWT037WDSV2QRGAMK then sleep 2.0 s
#   attempt 6 2026-09-24T17:03:19.081889+09:00 http 503 1975.2 ms gen gen_01M3971H1J97X88PMPY4W6P4TN then sleep 2.0 s
#   attempt 7 2026-09-24T17:03:23.057260+09:00 http 503 1817.3 ms gen gen_01M3971MPXFFM646H5MAYNEDMZ then sleep 2.0 s
#   attempt 8 2026-09-24T17:03:26.874709+09:00 http 503 1847.7 ms gen gen_01M3971RFXVE1Z3VYRP57XFE7Z then sleep 2.0 s
#   attempt 9 2026-09-24T17:03:30.722571+09:00 http 503 1804.5 ms gen gen_01M3971WC043G0K3VAH6BR9VAG then sleep 2.0 s
#   attempt 10 2026-09-24T17:03:34.527255+09:00 http 503 2076.2 ms gen gen_01M397206GJMAJZJH2RZHB3VDS then sleep 2.0 s
#   attempt 11 2026-09-24T17:03:38.603649+09:00 http 503 1856.1 ms gen gen_01M39723YHD0K0WJ1PQY8HG4G8 then sleep 2.0 s
#   attempt 12 2026-09-24T17:03:42.459927+09:00 http 503 1987.7 ms gen gen_01M39727VYMV0GAZXD6F0F2R0A then sleep 2.0 s
#   attempt 13 2026-09-24T17:03:46.446950+09:00 http 503 1869.6 ms gen gen_01M3972BND9H04HCESGG8VXZBS then sleep 2.0 s
#   attempt 14 2026-09-24T17:03:50.316748+09:00 http 429 1333.1 ms gen gen_01M3972FFJPWAZ12YW7XCS1XDR retry-after 9.0 s then sleep 9.0 s
#   attempt 15 2026-09-24T17:04:00.650221+09:00 http 503 1915.4 ms gen gen_01M3972SGZXEK0GQ7J29WHB1GY then sleep 2.0 s
#   attempt 16 2026-09-24T17:04:04.565782+09:00 http 503 1752.2 ms gen gen_01M3972X70AAMS79SSTWQHESRH then sleep 2.0 s
#   attempt 17 2026-09-24T17:04:08.318185+09:00 http 503 2074.4 ms gen gen_01M3973169EMQQSC14H1FWJ3JR then sleep 2.0 s
#   attempt 18 2026-09-24T17:04:12.392818+09:00 http 503 1689.4 ms gen gen_01M39734YHEMYR8RS0XCMT1HAP then sleep 2.0 s
#   attempt 19 2026-09-24T17:04:16.080505+09:00 http 503 1875.5 ms gen gen_01M39738K5EQQ384GA222HKTF6 then sleep 2.0 s
#   attempt 20 2026-09-24T17:04:19.956237+09:00 http 503 1779.2 ms gen gen_01M3973C8ESSJ6T2YH0MSWFS79 then sleep 2.0 s
#   attempt 21 2026-09-24T17:04:23.735712+09:00 http 503 2013.3 ms gen gen_01M3973G2YF08KAR840ZQJ9DNK then sleep 2.0 s
#   attempt 22 2026-09-24T17:04:27.749258+09:00 http 503 2140.4 ms gen gen_01M3973M1MXAX1G4H2REMDK831 then sleep 2.0 s
#   attempt 23 2026-09-24T17:04:31.890039+09:00 http 503 1896.7 ms gen gen_01M3973QXGJDJ630H3NWJA2AD6 then sleep 2.0 s
#   attempt 24 2026-09-24T17:04:35.786945+09:00 http 503 2005.9 ms gen gen_01M3973W2FGM9B1TSRE623ZW87 then sleep 2.0 s
#   attempt 25 2026-09-24T17:04:39.793028+09:00 http 503 1971.2 ms gen gen_01M3973ZTYP46S6RYK4K09XXR8 then sleep 2.0 s
#   attempt 26 2026-09-24T17:04:43.764441+09:00 http 503 2085.4 ms gen gen_01M39743SM6JCT5JZVWH8F7A2R then sleep 2.0 s
#   attempt 27 2026-09-24T17:04:47.849060+09:00 http 503 1719.6 ms gen gen_01M39747KT0MC3KFFT0YA86TNB then sleep 2.0 s
#   attempt 28 2026-09-24T17:04:51.568823+09:00 http 503 1954.7 ms gen gen_01M3974B9HPWW0WTF09FDWFNJM then sleep 2.0 s
#   attempt 29 2026-09-24T17:04:55.523776+09:00 http 503 1954.5 ms gen gen_01M3974F4Z7FS7Z8KNS3C2R0T6 then sleep 2.0 s
#   attempt 30 2026-09-24T17:04:59.478487+09:00 http 503 2124.5 ms gen gen_01M3974K1PXQH8CD163Q4KD6C6 then sleep 2.0 s
#   attempt 31 2026-09-24T17:05:03.603179+09:00 http 503 2022.3 ms gen gen_01M3974Q3EQ4JK8ZJ3Y6ZRQD6K then sleep 2.0 s
#   attempt 32 2026-09-24T17:05:07.625658+09:00 http 503 2034.5 ms gen gen_01M3974V2C71C0W0J7KACRPVM8 then sleep 2.0 s
#   attempt 33 2026-09-24T17:05:11.660361+09:00 http 503 1935.0 ms gen gen_01M3974YW0X2VKGVBPGM8CPTA1 then sleep 2.0 s
#   attempt 34 2026-09-24T17:05:15.591246+09:00 http 503 2157.6 ms gen gen_01M39752YQQMKNR44E74K43X0M then sleep 2.0 s
#   attempt 35 2026-09-24T17:05:19.749007+09:00 http 503 2188.0 ms gen gen_01M39756XS89FFTXDJHXV5G6YA then sleep 2.0 s
#   attempt 36 2026-09-24T17:05:23.937217+09:00 http 503 2121.2 ms gen gen_01M3975B3213JM2G7FCAN7GQRX then sleep 2.0 s
#   attempt 37 2026-09-24T17:05:28.058680+09:00 http 503 1861.8 ms gen gen_01M3975EZ5Z7KXA64SYHX5MHSF then sleep 2.0 s
#   attempt 38 2026-09-24T17:05:31.920695+09:00 http 503 2191.7 ms gen gen_01M3975JXZPA87EWWNKR3CGW1W then sleep 2.0 s
#   attempt 39 2026-09-24T17:05:36.112563+09:00 http 503 2019.7 ms gen gen_01M3975PVHCDZVX72EQGCJ7JC9 then sleep 2.0 s
#   attempt 40 2026-09-24T17:05:40.132444+09:00 http 503 2121.5 ms gen gen_01M3975TXARJ385XBQ0FGBQND9 then sleep 2.0 s
#   attempt 41 2026-09-24T17:05:44.254180+09:00 http 429 1412.5 ms gen gen_01M3975YSNKM0DEAH21X5YZ210 retry-after 15.0 s then sleep 15.0 s
#   attempt 42 2026-09-24T17:06:00.664730+09:00 http 503 2306.0 ms gen gen_01M3976ETV53GCFPQG9ZKMS5X2 then sleep 2.0 s
#   attempt 43 2026-09-24T17:06:04.970895+09:00 http 503 1908.9 ms gen gen_01M3976JZK58CE622SY9GCQKA6 then sleep 2.0 s
#   attempt 44 2026-09-24T17:06:08.879959+09:00 http 503 2010.8 ms gen gen_01M3976PWR7VJJRFVFNC55ZCHS then sleep 2.0 s
#   attempt 45 2026-09-24T17:06:12.890951+09:00 http 503 1945.4 ms gen gen_01M3976TPKF3XS62TXP29E0E1R then sleep 2.0 s
#   attempt 46 2026-09-24T17:06:16.834282+09:00 http 503 1944.3 ms gen gen_01M3976YJPR9C9JDT8NJ2MQPMF then sleep 2.0 s
#   attempt 47 2026-09-24T17:06:20.778784+09:00 http 503 2073.7 ms gen gen_01M39772D8WTSAAKBR6J2BQTJY then sleep 2.0 s
#   attempt 48 2026-09-24T17:06:24.852646+09:00 http 503 1999.2 ms gen gen_01M39776BH2PBDBDXVNN637A6W then sleep 2.0 s
#   attempt 49 2026-09-24T17:06:28.852080+09:00 http 503 1950.2 ms gen gen_01M3977AAM2F2GE5G912D444S4 then sleep 2.0 s
#   attempt 50 2026-09-24T17:06:32.802479+09:00 http 503 1840.7 ms gen gen_01M3977E2P6JJD66TWXFPJ79WW then sleep 2.0 s
#   attempt 51 2026-09-24T17:06:36.643706+09:00 http 503 1828.3 ms gen gen_01M3977HSJQ66XM33YM5CMYRBJ then sleep 2.0 s
#   attempt 52 2026-09-24T17:06:40.472201+09:00 http 503 2046.8 ms gen gen_01M3977NS2J8NEGRDQ2C15KJR5 then sleep 2.0 s
#   attempt 53 2026-09-24T17:06:44.519175+09:00 http 503 2086.1 ms gen gen_01M3977SN7VEA2A8W96BGRB2EE then sleep 2.0 s
#   attempt 54 2026-09-24T17:06:48.603068+09:00 http 503 2170.2 ms gen gen_01M3977XTH7CEM3QT3Y84QMS45 then sleep 2.0 s
#   attempt 55 2026-09-24T17:06:52.773480+09:00 http 503 1814.0 ms gen gen_01M39781HVAX20P884N37WHENZ then sleep 2.0 s
#   attempt 56 2026-09-24T17:06:56.587684+09:00 http 503 1795.9 ms gen gen_01M397858CA257Z2M586DE7C7T then sleep 2.0 s
#   attempt 57 2026-09-24T17:07:00.383800+09:00 http 503 1903.8 ms gen gen_01M3978935JSFKNCKM3KYSQF1T then sleep 2.0 s
#   attempt 58 2026-09-24T17:07:04.287769+09:00 http 503 1831.1 ms gen gen_01M3978CTPN2SR93BG0WWP5CF0 then sleep 2.0 s
#   attempt 59 2026-09-24T17:07:08.119027+09:00 http 503 2036.2 ms gen gen_01M3978GRBC3EV6KRJB014RT5Z then sleep 2.0 s
#   attempt 60 2026-09-24T17:07:12.155448+09:00 http 503 1948.3 ms gen gen_01M3978MJF7YV2N606RD5MNPQG then sleep 2.0 s
#   attempt 61 2026-09-24T17:07:16.101647+09:00 http 503 2226.9 ms gen gen_01M3978RQ22Z2ZCN7NG70ETTMC then sleep 2.0 s
#   attempt 62 2026-09-24T17:07:20.328919+09:00 http 503 2089.9 ms gen gen_01M3978WVQKXVDPDYR6HVH40XH then sleep 2.0 s
#   attempt 63 2026-09-24T17:07:24.419006+09:00 http 503 1878.9 ms gen gen_01M39790GCPY9K73Q0KAS9VEC8 then sleep 2.0 s
#   attempt 64 2026-09-24T17:07:28.298343+09:00 http 503 1783.3 ms gen gen_01M397946PXT2H3RXP6KGSWFVK then sleep 2.0 s
#   attempt 65 2026-09-24T17:07:32.081791+09:00 http 503 1897.7 ms gen gen_01M39797ZQEDEND8RYVHQKMVMB then sleep 2.0 s
#   attempt 66 2026-09-24T17:07:35.979772+09:00 http 503 1871.3 ms gen gen_01M3979BRPBWWPQ3ENFA00NZ6P then sleep 2.0 s
#   attempt 67 2026-09-24T17:07:39.851242+09:00 http 429 1283.1 ms gen gen_01M3979FJQXQCX2MAX08MTYGHH retry-after 19.0 s then sleep 19.0 s
#   attempt 68 2026-09-24T17:08:00.132232+09:00 http 503 2487.5 ms gen gen_01M397A3S39TWEG4006WRA4SJS then sleep 2.0 s
#   attempt 69 2026-09-24T17:08:04.619926+09:00 http 503 2108.9 ms gen gen_01M397A7YYYJDPA5Y8B118944P then sleep 2.0 s
#   attempt 70 2026-09-24T17:08:08.728974+09:00 http 503 1939.5 ms gen gen_01M397ABV32QX89JRHG4AXTNDN then sleep 2.0 s
#   attempt 71 2026-09-24T17:08:12.668699+09:00 http 503 2144.1 ms gen gen_01M397AFHZCXCRZJMMQV5NF3WY then sleep 2.0 s
#   attempt 72 2026-09-24T17:08:16.810713+09:00 http 503 2088.0 ms gen gen_01M397AKVEN1NHJHR0058160J0 then sleep 2.0 s
#   attempt 73 2026-09-24T17:08:20.898926+09:00 http 503 1880.6 ms gen gen_01M397AQNM3XYQ91Q5PTX1E9DR then sleep 2.0 s
#   attempt 74 2026-09-24T17:08:24.779760+09:00 http 503 2067.4 ms gen gen_01M397AVKSSN6HDR6AYMFXRE5S then sleep 2.0 s
#   attempt 75 2026-09-24T17:08:28.847338+09:00 http 503 2097.7 ms gen gen_01M397AZNWFRM75NXVW3RRA9ZR then sleep 2.0 s
#   attempt 76 2026-09-24T17:08:32.945221+09:00 http 503 2080.2 ms gen gen_01M397B3KG5MDAJQ76YS85NKY9 then sleep 2.0 s
#   attempt 77 2026-09-24T17:08:37.025869+09:00 http 503 2125.7 ms gen gen_01M397B7NHCBM4M1W6Y5EN0N4P then sleep 2.0 s
#   attempt 78 2026-09-24T17:08:41.151769+09:00 http 503 2023.9 ms gen gen_01M397BBKZMHXXBRFXW6W06797 then sleep 2.0 s
#   attempt 79 2026-09-24T17:08:45.173395+09:00 http 503 1899.3 ms gen gen_01M397BFDN45V178T76KW2GC0Y then sleep 2.0 s
#   attempt 80 2026-09-24T17:08:49.072903+09:00 http 503 1772.8 ms gen gen_01M397BK2X14Z70QEA85QJ4F07 then sleep 2.0 s
#   attempt 81 2026-09-24T17:08:52.845893+09:00 http 503 2044.6 ms gen gen_01M397BQ119QKT1NSDYSKFS327 then sleep 2.0 s
#   attempt 82 2026-09-24T17:08:56.890740+09:00 http 503 2069.2 ms gen gen_01M397BV02S67WRD9FAV66F344 then sleep 2.0 s
#   attempt 83 2026-09-24T17:09:00.960095+09:00 http 503 1996.0 ms gen gen_01M397BYW3XD8GVRVXA9ZGQWB6 then sleep 2.0 s
#   attempt 84 2026-09-24T17:09:04.956285+09:00 http 503 1962.7 ms gen gen_01M397C2RP278Q0B46B69A31XP then sleep 2.0 s
#   attempt 85 2026-09-24T17:09:08.919207+09:00 http 503 1709.7 ms gen gen_01M397C6C2CZ8BSGMN375QS18S then sleep 2.0 s
#   attempt 86 2026-09-24T17:09:12.629051+09:00 http 503 2009.2 ms gen gen_01M397CA9YE5MG2F4EQWZT5XJH then sleep 2.0 s
#   attempt 87 2026-09-24T17:09:16.634875+09:00 http 503 2333.8 ms gen gen_01M397CE7T9NS84N8EZ8KBMDQY then sleep 2.0 s
#   attempt 88 2026-09-24T17:09:20.968867+09:00 http 503 1999.8 ms gen gen_01M397CJHRFQPQAKC6NCA3HT5X then sleep 2.0 s
#   attempt 89 2026-09-24T17:09:24.968895+09:00 http 503 2382.3 ms gen gen_01M397CPEKR3S3MMCC6CM3ZK2P then sleep 2.0 s
#   attempt 90 2026-09-24T17:09:29.351420+09:00 http 503 1695.3 ms gen gen_01M397CTF0HZA0VKKZQECBN6V7 then sleep 2.0 s
#   attempt 91 2026-09-24T17:09:33.046904+09:00 http 503 1997.5 ms gen gen_01M397CY75EHBG8VMMKTJS1XBE then sleep 2.0 s
#   attempt 92 2026-09-24T17:09:37.044622+09:00 http 503 1813.7 ms gen gen_01M397D1YV7G39BV1P3E7YBFQH then sleep 2.0 s
#   attempt 93 2026-09-24T17:09:40.858587+09:00 http 503 1777.2 ms gen gen_01M397D5TCPNTB5XG3KF3ZYP2T then sleep 2.0 s
#   attempt 94 2026-09-24T17:09:44.636002+09:00 http 503 1918.3 ms gen gen_01M397D9E6MH6DE8PW98TX8CEC then sleep 2.0 s
#   attempt 95 2026-09-24T17:09:48.553075+09:00 http 503 1968.6 ms gen gen_01M397DDB2QM7ED6MHVP7E90VJ then sleep 2.0 s
#   attempt 96 2026-09-24T17:09:52.521845+09:00 http 503 1971.4 ms gen gen_01M397DH7QEN1DB6E8NFAD97TT then sleep 2.0 s
#   attempt 97 2026-09-24T17:09:56.493402+09:00 http 503 2515.0 ms gen gen_01M397DN4WDHRE1S46WX1K0FQ9 then sleep 2.0 s
#   attempt 98 2026-09-24T17:10:01.008524+09:00 http 503 1733.5 ms gen gen_01M397DSDT7BRAM198SC743FKN then sleep 2.0 s
#   attempt 99 2026-09-24T17:10:04.742518+09:00 http 503 1813.4 ms gen gen_01M397DX01KYB0TY3GX2C3Q1QG then sleep 2.0 s
#   attempt 100 2026-09-24T17:10:08.556150+09:00 http 503 2104.2 ms gen gen_01M397E0ZG62R8F6YK9JMXX724 then sleep 2.0 s
#   attempt 101 2026-09-24T17:10:12.660610+09:00 http 503 2217.9 ms gen gen_01M397E54Q1BFMD4HF4YYAB00F then sleep 2.0 s
#   attempt 102 2026-09-24T17:10:16.876185+09:00 http 503 1945.0 ms gen gen_01M397E90ACF7D42RJG3EMDCWN then sleep 2.0 s
#   attempt 103 2026-09-24T17:10:20.821489+09:00 http 503 2342.7 ms gen gen_01M397ECTWBR66BFB4X91W1C8N then sleep 2.0 s
#   attempt 104 2026-09-24T17:10:25.164404+09:00 http 503 1830.0 ms gen gen_01M397EGZNQ5DJ13QP0CBWCH5T then sleep 2.0 s
#   attempt 105 2026-09-24T17:10:28.994592+09:00 http 503 2170.7 ms gen gen_01M397EMWMT7A575AF3QGYG7BQ then sleep 2.0 s
#   attempt 106 2026-09-24T17:10:33.165445+09:00 http 503 2059.4 ms gen gen_01M397ERZJ6GF4TFWNB3TW3PE1 then sleep 2.0 s
#   attempt 107 2026-09-24T17:10:37.224959+09:00 http 503 2229.0 ms gen gen_01M397EX4FH6Q6QWXF8R2A2A2Z then sleep 2.0 s
#   attempt 108 2026-09-24T17:10:41.454115+09:00 http 503 1854.8 ms gen gen_01M397F0XYK6ARVQNHJYN6HJKX then sleep 2.0 s
#   attempt 109 2026-09-24T17:10:45.306618+09:00 http 503 1932.1 ms gen gen_01M397F4PP12T5TRKCK6W89R8X then sleep 2.0 s
#   attempt 110 2026-09-24T17:10:49.239015+09:00 http 503 1905.9 ms gen gen_01M397F8JFRV8K1GZ97N7YZVM4 then sleep 2.0 s
#   attempt 111 2026-09-24T17:10:53.145152+09:00 http 503 2023.4 ms gen gen_01M397FCFJJFH82ATNC920EQF7 then sleep 2.0 s
#   attempt 112 2026-09-24T17:10:57.168753+09:00 http 503 1825.6 ms gen gen_01M397FG7JHK7W8W3D8GDK0SRE then sleep 2.0 s
#   attempt 113 2026-09-24T17:11:00.994787+09:00 http 503 2003.9 ms gen gen_01M397FM7Q1Y7T1ME2EEA01B92 then sleep 2.0 s
#   attempt 114 2026-09-24T17:11:04.998926+09:00 http 503 1984.5 ms gen gen_01M397FQTGXGEE09TCT9Z0YPWT then sleep 2.0 s
#   attempt 115 2026-09-24T17:11:08.983645+09:00 http 503 1836.5 ms gen gen_01M397FVR4S1156TWDT8C4E0KE then sleep 2.0 s
#   attempt 116 2026-09-24T17:11:12.820333+09:00 http 503 1789.6 ms gen gen_01M397FZF3M166NVBE0B7W2ZCF then sleep 2.0 s
#   attempt 117 2026-09-24T17:11:16.607560+09:00 http 503 2092.0 ms gen gen_01M397G3EMPX8ZFQCCNCMRX61B then sleep 2.0 s
#   attempt 118 2026-09-24T17:11:20.699749+09:00 http 503 2161.2 ms gen gen_01M397G7FJG2Z0YMB7SECG8HK1 then sleep 2.0 s
#   attempt 119 2026-09-24T17:11:24.861274+09:00 http 503 2152.1 ms gen gen_01M397GBJPEQT7H32XKGNBKH2A then sleep 2.0 s
#   attempt 120 2026-09-24T17:11:29.013556+09:00 http 503 2197.1 ms gen gen_01M397GFH1QXDMDX6TVVYYASDM then sleep 2.0 s
#   attempt 121 2026-09-24T17:11:33.210817+09:00 http 503 2082.9 ms gen gen_01M397GKM97Q3MTB19WS8JCMQ2 then sleep 2.0 s
#   attempt 122 2026-09-24T17:11:37.294113+09:00 http 503 1962.7 ms gen gen_01M397GQG5SDJB7YNKSAMN3FM3 then sleep 2.0 s
#   attempt 123 2026-09-24T17:11:41.257058+09:00 http 503 1917.8 ms gen gen_01M397GVC71VJ8XWKDG3W05WR1 then sleep 2.0 s
#   attempt 124 2026-09-24T17:11:45.173246+09:00 http 503 1961.7 ms gen gen_01M397GZ6XFD2ZPFX3D5AJE29W then sleep 2.0 s
#   attempt 125 2026-09-24T17:11:49.135171+09:00 http 503 1748.8 ms gen gen_01M397H2VWE2F2SPWFS6T5AKPX then sleep 2.0 s
#   attempt 126 2026-09-24T17:11:52.884117+09:00 http 503 1784.9 ms gen gen_01M397H6K6S004T98FF9SKNSFD then sleep 2.0 s
#   attempt 127 2026-09-24T17:11:56.669222+09:00 http 503 1958.6 ms gen gen_01M397HAJMCZX876F9QBPAVH52 then sleep 2.0 s
#   attempt 128 2026-09-24T17:12:00.628076+09:00 http 503 2047.3 ms gen gen_01M397HEGTMBY9XC2VKBFB0QPK then sleep 2.0 s
#   attempt 129 2026-09-24T17:12:04.675572+09:00 http 503 2232.6 ms gen gen_01M397HJH476QKEQHRHD0S3MCM then sleep 2.0 s
#   attempt 130 2026-09-24T17:12:08.908349+09:00 http 503 2162.5 ms gen gen_01M397HPKGVD1PWW3PJQFB41R9 then sleep 2.0 s
#   attempt 131 2026-09-24T17:12:13.071064+09:00 http 503 1987.3 ms gen gen_01M397HTMFFPMZ0TDQVVG8QJKV then sleep 2.0 s
#   attempt 132 2026-09-24T17:12:17.055804+09:00 http 503 1851.8 ms gen gen_01M397HY9K38NH2DWDZ1M0QKTS then sleep 2.0 s
#   attempt 133 2026-09-24T17:12:20.907847+09:00 http 503 2040.5 ms gen gen_01M397J29SBTM8PAXPXB6VVEJ9 then sleep 2.0 s
#   attempt 134 2026-09-24T17:12:24.948541+09:00 http 503 1943.7 ms gen gen_01M397J62CEV938Q43VQWMWN9D then sleep 2.0 s
#   attempt 135 2026-09-24T17:12:28.892440+09:00 http 503 2032.4 ms gen gen_01M397J9YWVWS7JWG72XZNXW88 then sleep 2.0 s
#   attempt 136 2026-09-24T17:12:32.925101+09:00 http 503 2025.0 ms gen gen_01M397JDQKCBWFBW37HDQXZFPJ then sleep 2.0 s
#   attempt 137 2026-09-24T17:12:36.950322+09:00 http 503 1611.4 ms gen gen_01M397JHQBW6FGQ3P0XTQ85APF then sleep 2.0 s
#   attempt 138 2026-09-24T17:12:40.562182+09:00 http 503 1892.7 ms gen gen_01M397JN9D7ZTECTHTG6VYNW8H then sleep 2.0 s
#   attempt 139 2026-09-24T17:12:44.455057+09:00 http 503 1802.5 ms gen gen_01M397JRYKHXP8Y8ME9EXTP2M0 then sleep 2.0 s
#   attempt 140 2026-09-24T17:12:48.255539+09:00 http 503 1755.2 ms gen gen_01M397JWNTV34QPH3Z2WJVJCEM then sleep 2.0 s
#   attempt 141 2026-09-24T17:12:52.010917+09:00 http 503 1779.8 ms gen gen_01M397K0F9CAKQ3J22R20QW9EC then sleep 2.0 s
#   attempt 142 2026-09-24T17:12:55.790971+09:00 http 503 1815.2 ms gen gen_01M397K46K8AQV0C66DVBYB5CB
