# jev-opt request log, run ps2-jaq
# ts round phase questions http_status latency_ms input_tokens output_tokens cost_usd
# prompt-study-2-2026-09-24, target jaq, vocab v6-2026-09-23, state state-v6.0-2026-09-23, leak check clean
2026-09-24T14:56:31.335710+09:00 r1 B0.A     15 200   2452.9   39613    640 0.00000000  (after 52 failed attempt(s): HTTP 503, HTTP 503, HTTP 503, HTTP 503, HTTP 503, HTTP 503, HTTP 503, HTTP 503, HTTP 503, HTTP 503, HTTP 503, HTTP 503, HTTP 503, HTTP 429, HTTP 503, HTTP 503, HTTP 503, HTTP 503, HTTP 503, HTTP 503, HTTP 503, HTTP 503, HTTP 503, HTTP 429, HTTP 503, HTTP 503, HTTP 503, HTTP 503, HTTP 503, HTTP 503, HTTP 503, HTTP 503, HTTP 503, HTTP 503, HTTP 503, HTTP 503, HTTP 503, HTTP 503, HTTP 503, HTTP 503, HTTP 503, HTTP 503, HTTP 503, HTTP 503, HTTP 429, HTTP 503, HTTP 503, HTTP 503, HTTP 503, HTTP 503, HTTP 503, HTTP 503)
#   request 119395 bytes sha256 35332537e91821f2, 53 attempt(s), 224.0 s waited
#   attempt 1 2026-09-24T14:50:54.333525+09:00 http 503 1955.6 ms gen gen_01M38ZF28DKQY04STG0HKCEEA3 then sleep 2.0 s
#   attempt 2 2026-09-24T14:50:58.289329+09:00 http 503 2167.0 ms gen gen_01M38ZF680MQR11VAFBHFJD1TB then sleep 2.0 s
#   attempt 3 2026-09-24T14:51:02.456786+09:00 http 503 1971.7 ms gen gen_01M38ZFA7SJK9CAX6MZ3VF25XS then sleep 2.0 s
#   attempt 4 2026-09-24T14:51:06.428713+09:00 http 503 1805.7 ms gen gen_01M38ZFE01C6819JSH0VKMXE34 then sleep 2.0 s
#   attempt 5 2026-09-24T14:51:10.234680+09:00 http 503 2027.6 ms gen gen_01M38ZFHTDGD8HTSSHPA17NM7A then sleep 2.0 s
#   attempt 6 2026-09-24T14:51:14.262482+09:00 http 503 2353.2 ms gen gen_01M38ZFNW50XVD3WMWM7AEBQ70 then sleep 2.0 s
#   attempt 7 2026-09-24T14:51:18.614756+09:00 http 503 2209.0 ms gen gen_01M38ZFT6B25NA7E2QM9RTRFKE then sleep 2.0 s
#   attempt 8 2026-09-24T14:51:22.823975+09:00 http 503 2582.6 ms gen gen_01M38ZFY9X1R81EM722MBHZMSV then sleep 2.0 s
#   attempt 9 2026-09-24T14:51:27.406739+09:00 http 503 2216.8 ms gen gen_01M38ZG2J58W063EN4Z7EAVPVR then sleep 2.0 s
#   attempt 10 2026-09-24T14:51:31.623734+09:00 http 503 2248.7 ms gen gen_01M38ZG6XYY6Q7M2NEZW3F3K8A then sleep 2.0 s
#   attempt 11 2026-09-24T14:51:35.872810+09:00 http 503 2797.7 ms gen gen_01M38ZGB2EK18KTRWVWJ0KE566 then sleep 2.0 s
#   attempt 12 2026-09-24T14:51:40.670655+09:00 http 503 2335.0 ms gen gen_01M38ZGFTKFNQHQFHE1XG72NX8 then sleep 2.0 s
#   attempt 13 2026-09-24T14:51:45.004289+09:00 http 503 2281.4 ms gen gen_01M38ZGM2MB36S08KQEKN5X0XP then sleep 2.0 s
#   attempt 14 2026-09-24T14:51:49.285854+09:00 http 429 1576.6 ms gen gen_01M38ZGR6N4VT40HC2MABCX8VN retry-after 60.0 s then sleep 60.0 s
#   attempt 15 2026-09-24T14:52:50.860317+09:00 http 503 2051.6 ms gen gen_01M38ZJM6XB6VZX6NJDAPDRVDR then sleep 2.0 s
#   attempt 16 2026-09-24T14:52:54.912091+09:00 http 503 2225.3 ms gen gen_01M38ZJR5GDTESWGYQVDKFF2N1 then sleep 2.0 s
#   attempt 17 2026-09-24T14:52:59.137605+09:00 http 503 2175.9 ms gen gen_01M38ZJW9CGTR5K8990R65TQYF then sleep 2.0 s
#   attempt 18 2026-09-24T14:53:03.313719+09:00 http 503 2061.1 ms gen gen_01M38ZK0ACJ0PT9WBCF684PDHB then sleep 2.0 s
#   attempt 19 2026-09-24T14:53:07.374972+09:00 http 503 2299.0 ms gen gen_01M38ZK499EXDCNGQ704SBRFDR then sleep 2.0 s
#   attempt 20 2026-09-24T14:53:11.674128+09:00 http 503 2206.1 ms gen gen_01M38ZK8KDKRJAV455FPMZA3PS then sleep 2.0 s
#   attempt 21 2026-09-24T14:53:15.879264+09:00 http 503 2320.2 ms gen gen_01M38ZKCVF4WW8K8CMEB62WGJ3 then sleep 2.0 s
#   attempt 22 2026-09-24T14:53:20.199672+09:00 http 503 2229.6 ms gen gen_01M38ZKGZ74VF3J448WXGJBS4W then sleep 2.0 s
#   attempt 23 2026-09-24T14:53:24.429511+09:00 http 503 1934.1 ms gen gen_01M38ZKMVVDM0HXN6FTZFQRS9J then sleep 2.0 s
#   attempt 24 2026-09-24T14:53:28.363731+09:00 http 429 1369.1 ms gen gen_01M38ZKRSTTY3FZMRWP7KHTQD8 retry-after 31.0 s then sleep 31.0 s
#   attempt 25 2026-09-24T14:54:00.732087+09:00 http 503 2156.4 ms gen gen_01M38ZMRGDMMZ9SCZN65597DJV then sleep 2.0 s
#   attempt 26 2026-09-24T14:54:04.888705+09:00 http 503 2179.3 ms gen gen_01M38ZMWEQHB4WQ15KA3B6N1MP then sleep 2.0 s
#   attempt 27 2026-09-24T14:54:09.068143+09:00 http 503 2072.1 ms gen gen_01M38ZN0FP4R9BZCAPHNKK6RFS then sleep 2.0 s
#   attempt 28 2026-09-24T14:54:13.140459+09:00 http 503 1978.4 ms gen gen_01M38ZN4HSTV5602C3DHERTHCY then sleep 2.0 s
#   attempt 29 2026-09-24T14:54:17.117574+09:00 http 503 2031.1 ms gen gen_01M38ZN8EGQ01109P7VBKBE60D then sleep 2.0 s
#   attempt 30 2026-09-24T14:54:21.148860+09:00 http 503 2489.7 ms gen gen_01M38ZNCS94E2M33TDW0MJZBEH then sleep 2.0 s
#   attempt 31 2026-09-24T14:54:25.638767+09:00 http 503 2207.0 ms gen gen_01M38ZNGSTV7VXR6JA1J5Z8D14 then sleep 2.0 s
#   attempt 32 2026-09-24T14:54:29.845979+09:00 http 503 1927.4 ms gen gen_01M38ZNMQTY4SM54H6J75VG7Q4 then sleep 2.0 s
#   attempt 33 2026-09-24T14:54:33.773536+09:00 http 503 2079.7 ms gen gen_01M38ZNRR1YDX83T0C9V30QE91 then sleep 2.0 s
#   attempt 34 2026-09-24T14:54:37.853641+09:00 http 503 1932.0 ms gen gen_01M38ZNWJPWKH3CFAX6WHAXVPZ then sleep 2.0 s
#   attempt 35 2026-09-24T14:54:41.785837+09:00 http 503 2388.2 ms gen gen_01M38ZP0PXK0NHQDZBV0MV2M6X then sleep 2.0 s
#   attempt 36 2026-09-24T14:54:46.172918+09:00 http 503 2368.8 ms gen gen_01M38ZP512PCDECNHGYRQKDW2M then sleep 2.0 s
#   attempt 37 2026-09-24T14:54:50.541967+09:00 http 503 2060.8 ms gen gen_01M38ZP91ZEQVMY4D833SXCH14 then sleep 2.0 s
#   attempt 38 2026-09-24T14:54:54.602947+09:00 http 503 2072.3 ms gen gen_01M38ZPD1MHFE3Q264Z8SY3ZVA then sleep 2.0 s
#   attempt 39 2026-09-24T14:54:58.675396+09:00 http 503 2298.7 ms gen gen_01M38ZPH4D8P3E3APKGX0MSW3T then sleep 2.0 s
#   attempt 40 2026-09-24T14:55:02.974274+09:00 http 503 2192.1 ms gen gen_01M38ZPN94DXNW7E9NYXG11DWA then sleep 2.0 s
#   attempt 41 2026-09-24T14:55:07.166594+09:00 http 503 1903.4 ms gen gen_01M38ZPS56WJ83ARQ8N7P72YHC then sleep 2.0 s
#   attempt 42 2026-09-24T14:55:11.070229+09:00 http 503 2360.5 ms gen gen_01M38ZPXCB93FZY1MR6NQ2R0W0 then sleep 2.0 s
#   attempt 43 2026-09-24T14:55:15.423391+09:00 http 503 2212.9 ms gen gen_01M38ZQ1G9FT7STH4PV3V48HWX then sleep 2.0 s
#   attempt 44 2026-09-24T14:55:19.636520+09:00 http 503 2261.1 ms gen gen_01M38ZQ5PT4MCDJ4SV7WCMT7TC then sleep 2.0 s
#   attempt 45 2026-09-24T14:55:23.897867+09:00 http 429 1506.5 ms gen gen_01M38ZQ9Q47VCKJGV16R7N0KH2 retry-after 35.0 s then sleep 35.0 s
#   attempt 46 2026-09-24T14:56:00.409499+09:00 http 503 2130.0 ms gen gen_01M38ZRDB6W2J9MPH13S49G8BM then sleep 2.0 s
#   attempt 47 2026-09-24T14:56:04.539735+09:00 http 503 2036.0 ms gen gen_01M38ZRH9T3S1EPDZBYBK4BRKC then sleep 2.0 s
#   attempt 48 2026-09-24T14:56:08.575939+09:00 http 503 2123.7 ms gen gen_01M38ZRNBA106Q8DQPCH5KBJ08 then sleep 2.0 s
#   attempt 49 2026-09-24T14:56:12.699821+09:00 http 503 2141.8 ms gen gen_01M38ZRSB00E6SW8WEJ1BV94R3 then sleep 2.0 s
#   attempt 50 2026-09-24T14:56:16.840002+09:00 http 503 2089.8 ms gen gen_01M38ZRXCB50VKXKHSN3VFXNMT then sleep 2.0 s
#   attempt 51 2026-09-24T14:56:20.929993+09:00 http 503 1958.0 ms gen gen_01M38ZS17RDBQ76A9EBJW9TX9S then sleep 2.0 s
#   attempt 52 2026-09-24T14:56:24.888134+09:00 http 503 1994.4 ms gen gen_01M38ZS545WTFNRT1NR3T1Y4HN then sleep 2.0 s
#   attempt 53 2026-09-24T14:56:28.882715+09:00 http 200 2452.9 ms gen gen_01M38ZS97583Z4X3AYTP20YGPA
2026-09-24T15:06:32.068038+09:00 r1 L6.A     15 503   2144.9       0      0 0.00000000  ERROR HTTP 503
#   request 125863 bytes sha256 6945a36c88f6ca51, 88 attempt(s), 398.0 s waited
#   attempt 1 2026-09-24T14:56:31.347515+09:00 http 503 2704.9 ms gen gen_01M38ZSBQ4NEQAXD3XB3B1217Q then sleep 2.0 s
#   attempt 2 2026-09-24T14:56:36.052653+09:00 http 503 2055.9 ms gen gen_01M38ZSG1VSPFXE9VPQ1S4F8JG then sleep 2.0 s
#   attempt 3 2026-09-24T14:56:40.108814+09:00 http 503 1880.7 ms gen gen_01M38ZSKXDPH27JD6V8494QKW0 then sleep 2.0 s
#   attempt 4 2026-09-24T14:56:43.989739+09:00 http 503 2168.8 ms gen gen_01M38ZSQWZPVRD53H0W78W3V53 then sleep 2.0 s
#   attempt 5 2026-09-24T14:56:48.157787+09:00 http 503 2147.1 ms gen gen_01M38ZSVXM7WXCMACQ454RN1S9 then sleep 2.0 s
#   attempt 6 2026-09-24T14:56:52.305043+09:00 http 503 1891.6 ms gen gen_01M38ZSZTHC1XB8R4DN6HT4TPR then sleep 2.0 s
#   attempt 7 2026-09-24T14:56:56.196892+09:00 http 503 2176.9 ms gen gen_01M38ZT3T38NEH6KFFTVA3NW9N then sleep 2.0 s
#   attempt 8 2026-09-24T14:57:00.374044+09:00 http 503 2646.5 ms gen gen_01M38ZT83T6NDGB47GNM0BC1MN then sleep 2.0 s
#   attempt 9 2026-09-24T14:57:05.020776+09:00 http 503 2534.2 ms gen gen_01M38ZTCXFMRVM4XPKKN6KSSC4 then sleep 2.0 s
#   attempt 10 2026-09-24T14:57:09.555144+09:00 http 503 2165.5 ms gen gen_01M38ZTGY3TAG0QY9Q8RPCWPBX then sleep 2.0 s
#   attempt 11 2026-09-24T14:57:13.720831+09:00 http 503 2137.0 ms gen gen_01M38ZTMWPAGRWMD4MGA20S0AD then sleep 2.0 s
#   attempt 12 2026-09-24T14:57:17.855945+09:00 http 503 2415.0 ms gen gen_01M38ZTS4E5G7TCZZ484VRGFEJ then sleep 2.0 s
#   attempt 13 2026-09-24T14:57:22.271546+09:00 http 503 2293.4 ms gen gen_01M38ZTX8YJSRHYM3Q7C3K5KB4 then sleep 2.0 s
#   attempt 14 2026-09-24T14:57:26.565181+09:00 http 503 2084.4 ms gen gen_01M38ZV1CGGA8VQD90HKNFR455 then sleep 2.0 s
#   attempt 15 2026-09-24T14:57:30.649764+09:00 http 503 2588.6 ms gen gen_01M38ZV5YPJSY6WTJ62Y64P6H7 then sleep 2.0 s
#   attempt 16 2026-09-24T14:57:35.238584+09:00 http 503 2371.9 ms gen gen_01M38ZVA61YP243RWHWVC43V7P then sleep 2.0 s
#   attempt 17 2026-09-24T14:57:39.610751+09:00 http 503 2419.9 ms gen gen_01M38ZVEGHT6ZYPR1VXCQYRQ2X then sleep 2.0 s
#   attempt 18 2026-09-24T14:57:44.031098+09:00 http 503 2871.7 ms gen gen_01M38ZVJXX71X6V6HXAZPH88QT then sleep 2.0 s
#   attempt 19 2026-09-24T14:57:48.901835+09:00 http 503 2222.9 ms gen gen_01M38ZVQCWFTFTBW6XFYYN2B9W then sleep 2.0 s
#   attempt 20 2026-09-24T14:57:53.125001+09:00 http 503 2447.4 ms gen gen_01M38ZVVM93KVXS0YNFKM1Q98G then sleep 2.0 s
#   attempt 21 2026-09-24T14:57:57.572572+09:00 http 503 2228.3 ms gen gen_01M38ZVZVYYJD8V5N5A516P1P5 then sleep 2.0 s
#   attempt 22 2026-09-24T14:58:01.801053+09:00 http 503 2148.5 ms gen gen_01M38ZW3XZ1G23ENH46H02NBMR then sleep 2.0 s
#   attempt 23 2026-09-24T14:58:05.949728+09:00 http 503 2269.0 ms gen gen_01M38ZW802BVR2TAGHAB8ERQBX then sleep 2.0 s
#   attempt 24 2026-09-24T14:58:10.218980+09:00 http 503 1955.0 ms gen gen_01M38ZWBXEFXXX2EBTSECP9M8P then sleep 2.0 s
#   attempt 25 2026-09-24T14:58:14.174161+09:00 http 503 2297.0 ms gen gen_01M38ZWG3AA57RZ9323FJWBP0Z then sleep 2.0 s
#   attempt 26 2026-09-24T14:58:18.469908+09:00 http 503 2476.4 ms gen gen_01M38ZWMF0M1WH01ZV8SATDDE4 then sleep 2.0 s
#   attempt 27 2026-09-24T14:58:22.946772+09:00 http 429 1394.6 ms gen gen_01M38ZWRFDRP2RVK95HH0C0G2Y retry-after 36.0 s then sleep 36.0 s
#   attempt 28 2026-09-24T14:59:00.340116+09:00 http 503 9359.4 ms gen gen_01M38ZY382H7RY1PAHRA8M571W then sleep 2.0 s
#   attempt 29 2026-09-24T14:59:11.699728+09:00 http 503 2276.3 ms gen gen_01M38ZY8A598CQJ8SF0XWEDG79 then sleep 2.0 s
#   attempt 30 2026-09-24T14:59:15.971920+09:00 http 503 2473.9 ms gen gen_01M38ZYCMNP34SN95K4ANY295J then sleep 2.0 s
#   attempt 31 2026-09-24T14:59:20.446027+09:00 http 429 1536.6 ms gen gen_01M38ZYGRF9AEHTYK9TY6K8B2T retry-after 38.0 s then sleep 38.0 s
#   attempt 32 2026-09-24T14:59:59.984172+09:00 http 503 2388.4 ms gen gen_01M38ZZQDGA7WDS9SW6Q05N0TR then sleep 2.0 s
#   attempt 33 2026-09-24T15:00:04.372852+09:00 http 503 2387.4 ms gen gen_01M38ZZVMVSGV1M7EC6DJSX79Q then sleep 2.0 s
#   attempt 34 2026-09-24T15:00:08.760424+09:00 http 503 2069.9 ms gen gen_01M38ZZZTFWW1P111S54BYVN82 then sleep 2.0 s
#   attempt 35 2026-09-24T15:00:12.830499+09:00 http 503 2245.8 ms gen gen_01M39003YVKVV1AKEHVXMS14PC then sleep 2.0 s
#   attempt 36 2026-09-24T15:00:17.075156+09:00 http 429 1687.8 ms gen gen_01M390085YQ9QTCCT6CZ1PMVZ7 retry-after 42.0 s then sleep 42.0 s
#   attempt 37 2026-09-24T15:01:00.761729+09:00 http 503 2109.8 ms gen gen_01M3901JKY95YMM2RA9G766AE4 then sleep 2.0 s
#   attempt 38 2026-09-24T15:01:04.871730+09:00 http 503 2298.6 ms gen gen_01M3901PMWC40C88E2EY9M9JS5 then sleep 2.0 s
#   attempt 39 2026-09-24T15:01:09.170548+09:00 http 503 3084.0 ms gen gen_01M3901VPF6BVPS3MP001BSWSV then sleep 2.0 s
#   attempt 40 2026-09-24T15:01:14.254933+09:00 http 503 2099.0 ms gen gen_01M3901ZQA6XV6S3HHK4YARJGR then sleep 2.0 s
#   attempt 41 2026-09-24T15:01:18.351688+09:00 http 503 2069.8 ms gen gen_01M39023RD9774K39R3XGTMN0H then sleep 2.0 s
#   attempt 42 2026-09-24T15:01:22.421754+09:00 http 503 2253.6 ms gen gen_01M39027VJK1MSX7Y01ZYJR4S3 then sleep 2.0 s
#   attempt 43 2026-09-24T15:01:26.675561+09:00 http 503 2217.0 ms gen gen_01M3902BYGAF63405KGYVPK4VT then sleep 2.0 s
#   attempt 44 2026-09-24T15:01:30.892806+09:00 http 503 2162.1 ms gen gen_01M3902G3PVJX79E11NC3Q85HS then sleep 2.0 s
#   attempt 45 2026-09-24T15:01:35.055131+09:00 http 503 1964.6 ms gen gen_01M3902KX7KQM5YCF0265SQ275 then sleep 2.0 s
#   attempt 46 2026-09-24T15:01:39.019977+09:00 http 503 2063.0 ms gen gen_01M3902QX0JPSS9S2F893CM7H9 then sleep 2.0 s
#   attempt 47 2026-09-24T15:01:43.083115+09:00 http 503 2848.6 ms gen gen_01M3902W7W4MV8B0X77HGS8XQG then sleep 2.0 s
#   attempt 48 2026-09-24T15:01:47.931065+09:00 http 503 2370.9 ms gen gen_01M39030XCXCF21T26YD1MWQYY then sleep 2.0 s
#   attempt 49 2026-09-24T15:01:52.302172+09:00 http 503 2073.1 ms gen gen_01M39034WD3P28NAMGPD5FQSZF then sleep 2.0 s
#   attempt 50 2026-09-24T15:01:56.375502+09:00 http 503 2167.5 ms gen gen_01M39038YMH99MVAFT6WQCF1H5 then sleep 2.0 s
#   attempt 51 2026-09-24T15:02:00.543219+09:00 http 503 2111.5 ms gen gen_01M3903D0H7PPKZ2K19R37T0FD then sleep 2.0 s
#   attempt 52 2026-09-24T15:02:04.654895+09:00 http 503 2550.4 ms gen gen_01M3903H7V77KTV9DJD8FJ88G1 then sleep 2.0 s
#   attempt 53 2026-09-24T15:02:09.205479+09:00 http 503 2299.7 ms gen gen_01M3903NNMA6HP7DMYETG9CTNB then sleep 2.0 s
#   attempt 54 2026-09-24T15:02:13.505374+09:00 http 503 2471.9 ms gen gen_01M3903SNKRQ92N15714JHJCJG then sleep 2.0 s
#   attempt 55 2026-09-24T15:02:17.975982+09:00 http 429 1657.7 ms gen gen_01M3903Y8EETA6N1B7XAK05RPY retry-after 41.0 s then sleep 41.0 s
#   attempt 56 2026-09-24T15:03:00.632122+09:00 http 503 2422.4 ms gen gen_01M390580G8JVG07WD54AZMG9M then sleep 2.0 s
#   attempt 57 2026-09-24T15:03:05.054780+09:00 http 503 2454.0 ms gen gen_01M3905C6TGWB43Y5D58F9KBB4 then sleep 2.0 s
#   attempt 58 2026-09-24T15:03:09.508980+09:00 http 503 2171.5 ms gen gen_01M3905GEA020MJVADJF0Y93BR then sleep 2.0 s
#   attempt 59 2026-09-24T15:03:13.680678+09:00 http 503 2335.5 ms gen gen_01M3905MKNEDV1T7FYR2A14TA7 then sleep 2.0 s
#   attempt 60 2026-09-24T15:03:18.014520+09:00 http 503 2092.2 ms gen gen_01M3905RN1XNA3VT2HTZW906BV then sleep 2.0 s
#   attempt 61 2026-09-24T15:03:22.107197+09:00 http 503 2280.4 ms gen gen_01M3905WVCSRBS3BPE0SSPSA7H then sleep 2.0 s
#   attempt 62 2026-09-24T15:03:26.387822+09:00 http 503 2083.2 ms gen gen_01M39060SR46M2KFMEEVDJ1359 then sleep 2.0 s
#   attempt 63 2026-09-24T15:03:30.471253+09:00 http 503 2325.6 ms gen gen_01M3906530MK71FNBX2216RNCB then sleep 2.0 s
#   attempt 64 2026-09-24T15:03:34.796999+09:00 http 503 1897.2 ms gen gen_01M390690019T34WRPCC8V9QJY then sleep 2.0 s
#   attempt 65 2026-09-24T15:03:38.694356+09:00 http 503 2330.7 ms gen gen_01M3906D1XCBET7ACWPRQKF3VG then sleep 2.0 s
#   attempt 66 2026-09-24T15:03:43.025230+09:00 http 503 2210.7 ms gen gen_01M3906H7ACX2XDQX5MYA6NX92 then sleep 2.0 s
#   attempt 67 2026-09-24T15:03:47.235658+09:00 http 503 2120.1 ms gen gen_01M3906N7SSM02QGZEE1MXWK7X then sleep 2.0 s
#   attempt 68 2026-09-24T15:03:51.356159+09:00 http 503 2403.1 ms gen gen_01M3906SEVWGNAGFYRKTKE3WMV then sleep 2.0 s
#   attempt 69 2026-09-24T15:03:55.759535+09:00 http 503 2377.1 ms gen gen_01M3906XPRVMEFE5MEW6Z4P0WM then sleep 2.0 s
#   attempt 70 2026-09-24T15:04:00.136839+09:00 http 503 1840.3 ms gen gen_01M39071MQ364W4JZJDDT4NQS0 then sleep 2.0 s
#   attempt 71 2026-09-24T15:04:03.977328+09:00 http 503 2262.1 ms gen gen_01M39075Q6WKH6K082NTKYTZQ1 then sleep 2.0 s
#   attempt 72 2026-09-24T15:04:08.239899+09:00 http 503 2412.1 ms gen gen_01M39079PH1H7219P0SJAXDANS then sleep 2.0 s
#   attempt 73 2026-09-24T15:04:12.652202+09:00 http 503 2299.8 ms gen gen_01M3907E5PZ4JW96YR0GAHVYTV then sleep 2.0 s
#   attempt 74 2026-09-24T15:04:16.950630+09:00 http 503 1998.9 ms gen gen_01M3907J4A2GQVM27DRWT11XDV then sleep 2.0 s
#   attempt 75 2026-09-24T15:04:20.949752+09:00 http 429 1564.6 ms gen gen_01M3907P7FM4Z59GR77Y8A0N8D retry-after 38.0 s then sleep 38.0 s
#   attempt 76 2026-09-24T15:05:00.513625+09:00 http 503 2323.1 ms gen gen_01M3908WXWACEFYWG86275XRTT then sleep 2.0 s
#   attempt 77 2026-09-24T15:05:04.836916+09:00 http 503 3139.5 ms gen gen_01M390910Y0324YV0RNVQ7EEBF then sleep 2.0 s
#   attempt 78 2026-09-24T15:05:09.976625+09:00 http 503 2111.6 ms gen gen_01M390961PZGWY3DWBJ0F0XATW then sleep 2.0 s
#   attempt 79 2026-09-24T15:05:14.088349+09:00 http 503 2083.1 ms gen gen_01M39099XYVKGWAXRA4R35ZDSN then sleep 2.0 s
#   attempt 80 2026-09-24T15:05:18.170260+09:00 http 429 1256.4 ms gen gen_01M3909DVB97PKEE44YJ5CYW8W retry-after 41.0 s then sleep 41.0 s
#   attempt 81 2026-09-24T15:06:00.425760+09:00 http 503 2247.9 ms gen gen_01M390AQEF91KTSQNJE163J76S then sleep 2.0 s
#   attempt 82 2026-09-24T15:06:04.673870+09:00 http 503 2271.1 ms gen gen_01M390AVM95Y8SNSF6BW56SR0X then sleep 2.0 s
#   attempt 83 2026-09-24T15:06:08.945186+09:00 http 503 2577.0 ms gen gen_01M390AZR6GAMQ38HWFGKEVMNZ then sleep 2.0 s
#   attempt 84 2026-09-24T15:06:13.522327+09:00 http 503 2129.3 ms gen gen_01M390B404SJVJ36Q827FZRWSS then sleep 2.0 s
#   attempt 85 2026-09-24T15:06:17.650983+09:00 http 503 2052.7 ms gen gen_01M390B83SGFJPFMTWBDN0SYW5 then sleep 2.0 s
#   attempt 86 2026-09-24T15:06:21.703888+09:00 http 503 2208.9 ms gen gen_01M390BC762X7D0KY8WPM00NX8 then sleep 2.0 s
#   attempt 87 2026-09-24T15:06:25.913164+09:00 http 503 2009.7 ms gen gen_01M390BG55GBPEGT66G7KP8SR4 then sleep 2.0 s
#   attempt 88 2026-09-24T15:06:29.923042+09:00 http 503 2144.9 ms gen gen_01M390BM4MHGDKHAYQQ0HA0D4R
