# jev-opt request log, run ps2-hintbench
# ts round phase questions http_status latency_ms input_tokens output_tokens cost_usd
# prompt-study-2-2026-09-24, target hintbench, vocab v6-2026-09-23, state state-v6.0-2026-09-23, leak check clean
2026-09-24T14:42:25.776732+09:00 r1 B0.A      8 200   2079.2   23630    341 0.00000000  (after 43 failed attempt(s): HTTP 503, HTTP 503, HTTP 503, HTTP 503, HTTP 503, HTTP 503, HTTP 503, HTTP 503, HTTP 503, HTTP 503, HTTP 503, HTTP 503, HTTP 503, HTTP 503, HTTP 503, HTTP 503, HTTP 503, HTTP 503, HTTP 503, HTTP 503, HTTP 503, HTTP 503, HTTP 503, HTTP 503, HTTP 503, HTTP 503, HTTP 503, HTTP 503, HTTP 503, HTTP 503, HTTP 503, HTTP 503, HTTP 503, HTTP 503, HTTP 503, HTTP 503, HTTP 503, HTTP 503, HTTP 503, HTTP 503, HTTP 503, HTTP 503, HTTP 503)
#   request 65317 bytes sha256 4e94924a2e535f41, 44 attempt(s), 86.0 s waited
#   attempt 1 2026-09-24T14:39:40.320942+09:00 http 503 1698.1 ms gen gen_01M38YTFYXR8TKPTJMQV6HV2YM then sleep 2.0 s
#   attempt 2 2026-09-24T14:39:44.019276+09:00 http 503 1681.4 ms gen gen_01M38YTKKHY7JW9E1Z2KZWQDQ0 then sleep 2.0 s
#   attempt 3 2026-09-24T14:39:47.699295+09:00 http 503 1656.1 ms gen gen_01M38YTQ50DMSKXN055KP1EHA3 then sleep 2.0 s
#   attempt 4 2026-09-24T14:39:51.355527+09:00 http 503 1720.6 ms gen gen_01M38YTTP4MQZ8Z1B3VBESAR6J then sleep 2.0 s
#   attempt 5 2026-09-24T14:39:55.076356+09:00 http 503 2172.0 ms gen gen_01M38YTYFCVG8FM569YT6YV8N8 then sleep 2.0 s
#   attempt 6 2026-09-24T14:39:59.248540+09:00 http 503 1568.9 ms gen gen_01M38YV29QZBESAYTDTSBFXAH4 then sleep 2.0 s
#   attempt 7 2026-09-24T14:40:02.817607+09:00 http 503 1870.2 ms gen gen_01M38YV62Y2NJ6FX3YTQ04M5N5 then sleep 2.0 s
#   attempt 8 2026-09-24T14:40:06.688012+09:00 http 503 1789.0 ms gen gen_01M38YV9JV7T72T9XM1CEN1H4V then sleep 2.0 s
#   attempt 9 2026-09-24T14:40:10.477166+09:00 http 503 1997.5 ms gen gen_01M38YVDEAK1RWTA4R4WA9WR72 then sleep 2.0 s
#   attempt 10 2026-09-24T14:40:14.475049+09:00 http 503 1951.8 ms gen gen_01M38YVH66TT5ZV5K1A405D01M then sleep 2.0 s
#   attempt 11 2026-09-24T14:40:18.425347+09:00 http 503 1945.3 ms gen gen_01M38YVNANPHMD8F9AYTGPGPHC then sleep 2.0 s
#   attempt 12 2026-09-24T14:40:22.370801+09:00 http 503 1762.8 ms gen gen_01M38YVS1AYVPP1WVVF44GQXEW then sleep 2.0 s
#   attempt 13 2026-09-24T14:40:26.133728+09:00 http 503 1719.5 ms gen gen_01M38YVWPZQ6EGSHRE4YFB1MSH then sleep 2.0 s
#   attempt 14 2026-09-24T14:40:29.853686+09:00 http 503 1807.4 ms gen gen_01M38YW09HDX0D4DGKDPQGZ20A then sleep 2.0 s
#   attempt 15 2026-09-24T14:40:33.661260+09:00 http 503 1548.4 ms gen gen_01M38YW3XVTJK0JHZY0GDWEGM8 then sleep 2.0 s
#   attempt 16 2026-09-24T14:40:37.209804+09:00 http 503 1745.8 ms gen gen_01M38YW7CXDZ0DWANBRKWKNGE4 then sleep 2.0 s
#   attempt 17 2026-09-24T14:40:40.955732+09:00 http 503 1621.6 ms gen gen_01M38YWB3C4PEJV0TVHKQ95HNA then sleep 2.0 s
#   attempt 18 2026-09-24T14:40:44.576077+09:00 http 503 1696.0 ms gen gen_01M38YWENJCGA1Y3KFJGKN03ZS then sleep 2.0 s
#   attempt 19 2026-09-24T14:40:48.272274+09:00 http 503 1693.0 ms gen gen_01M38YWJ9GFHD6JVN47YYZY1JF then sleep 2.0 s
#   attempt 20 2026-09-24T14:40:51.965513+09:00 http 503 1878.3 ms gen gen_01M38YWP2M0Y617F8CXJCP0K8J then sleep 2.0 s
#   attempt 21 2026-09-24T14:40:55.844003+09:00 http 503 1722.9 ms gen gen_01M38YWSR84R0233XKCJ9MSBBT then sleep 2.0 s
#   attempt 22 2026-09-24T14:40:59.567082+09:00 http 503 1803.6 ms gen gen_01M38YWXD1R8FT00EDTCK7J0VN then sleep 2.0 s
#   attempt 23 2026-09-24T14:41:03.371156+09:00 http 503 1602.6 ms gen gen_01M38YX0YAYZYVJTEQ1VNX5NNW then sleep 2.0 s
#   attempt 24 2026-09-24T14:41:06.973966+09:00 http 503 1640.3 ms gen gen_01M38YX4HD3X9KV9A4M0RWY6VW then sleep 2.0 s
#   attempt 25 2026-09-24T14:41:10.614401+09:00 http 503 1909.4 ms gen gen_01M38YX84KBQ1EKWEQZMB3GVEE then sleep 2.0 s
#   attempt 26 2026-09-24T14:41:14.520103+09:00 http 503 1881.5 ms gen gen_01M38YXC34NC88MV10ND2B6VBR then sleep 2.0 s
#   attempt 27 2026-09-24T14:41:18.401785+09:00 http 503 1760.1 ms gen gen_01M38YXFNKMYDSM3M15NYN8SK5 then sleep 2.0 s
#   attempt 28 2026-09-24T14:41:22.162087+09:00 http 503 1534.0 ms gen gen_01M38YXK6N05X90WZWJN341NTK then sleep 2.0 s
#   attempt 29 2026-09-24T14:41:25.696265+09:00 http 503 1715.6 ms gen gen_01M38YXPWAJNPT7KFCXATMAM74 then sleep 2.0 s
#   attempt 30 2026-09-24T14:41:29.412002+09:00 http 503 2699.1 ms gen gen_01M38YXVEB8HY6J474RAGKRYG1 then sleep 2.0 s
#   attempt 31 2026-09-24T14:41:34.111223+09:00 http 503 1920.7 ms gen gen_01M38YXZ7ZNHK4HA1VWTWZN9FE then sleep 2.0 s
#   attempt 32 2026-09-24T14:41:38.032085+09:00 http 503 1742.0 ms gen gen_01M38YY2X803GXPVBCV0Z875GZ then sleep 2.0 s
#   attempt 33 2026-09-24T14:41:41.774272+09:00 http 503 1898.9 ms gen gen_01M38YY6T2769PWTNJ2T5AHEC7 then sleep 2.0 s
#   attempt 34 2026-09-24T14:41:45.674168+09:00 http 503 2108.6 ms gen gen_01M38YYARCZ8CFABBDQWMTP6R1 then sleep 2.0 s
#   attempt 35 2026-09-24T14:41:49.782951+09:00 http 503 1642.3 ms gen gen_01M38YYEBRH7BZVM3Q5054AX1A then sleep 2.0 s
#   attempt 36 2026-09-24T14:41:53.425429+09:00 http 503 1616.0 ms gen gen_01M38YYJ06C7446NBBYDPA9VHM then sleep 2.0 s
#   attempt 37 2026-09-24T14:41:57.041661+09:00 http 503 1653.3 ms gen gen_01M38YYNC6HRQW2W7J5T28SSDB then sleep 2.0 s
#   attempt 38 2026-09-24T14:42:00.695154+09:00 http 503 2130.5 ms gen gen_01M38YYS59TGXTCXFHJJPKJ5XN then sleep 2.0 s
#   attempt 39 2026-09-24T14:42:04.825835+09:00 http 503 1859.0 ms gen gen_01M38YYX41V1B4DQXXT8D7HHFD then sleep 2.0 s
#   attempt 40 2026-09-24T14:42:08.685085+09:00 http 503 1684.8 ms gen gen_01M38YZ0SMN7YR9MW37EHASH30 then sleep 2.0 s
#   attempt 41 2026-09-24T14:42:12.370095+09:00 http 503 2109.9 ms gen gen_01M38YZ4D0J1FZV07S6CK36KAD then sleep 2.0 s
#   attempt 42 2026-09-24T14:42:16.478883+09:00 http 503 1577.0 ms gen gen_01M38YZ8B8WE2KCK4NCR5HT6D2 then sleep 2.0 s
#   attempt 43 2026-09-24T14:42:20.056138+09:00 http 503 1641.1 ms gen gen_01M38YZBTTBF6FTNRF2WZGGWG5 then sleep 2.0 s
#   attempt 44 2026-09-24T14:42:23.697493+09:00 http 200 2079.2 ms gen gen_01M38YZFBC90359J251REE28MM
2026-09-24T14:43:05.653026+09:00 r1 B0.B      4 200   2125.2   14196    607 0.00000000  (after 10 failed attempt(s): HTTP 503, HTTP 503, HTTP 503, HTTP 503, HTTP 503, HTTP 503, HTTP 503, HTTP 503, HTTP 503, HTTP 503)
#   request 45299 bytes sha256 b781919c7cbbafcc, 11 attempt(s), 20.0 s waited
#   attempt 1 2026-09-24T14:42:25.781541+09:00 http 503 1893.5 ms gen gen_01M38YZHQP8N3H2528M18Y2BR6 then sleep 2.0 s
#   attempt 2 2026-09-24T14:42:29.675212+09:00 http 503 1649.7 ms gen gen_01M38YZND8M5R0NBR0B4WWT86M then sleep 2.0 s
#   attempt 3 2026-09-24T14:42:33.325091+09:00 http 503 2066.9 ms gen gen_01M38YZS80DTW3G9BRHFWQPW4G then sleep 2.0 s
#   attempt 4 2026-09-24T14:42:37.392201+09:00 http 503 1514.3 ms gen gen_01M38YZWQ31S6JD5FGPWTABY64 then sleep 2.0 s
#   attempt 5 2026-09-24T14:42:40.906658+09:00 http 503 1957.4 ms gen gen_01M38Z00FS86ZMWBAE61T413C2 then sleep 2.0 s
#   attempt 6 2026-09-24T14:42:44.862077+09:00 http 503 1674.7 ms gen gen_01M38Z043J15CQJEAVXK3XR0E9 then sleep 2.0 s
#   attempt 7 2026-09-24T14:42:48.536968+09:00 http 503 1498.9 ms gen gen_01M38Z07TVN5B6RSJZM0QFD57D then sleep 2.0 s
#   attempt 8 2026-09-24T14:42:52.036105+09:00 http 503 1755.3 ms gen gen_01M38Z0B66G8BAZEJ8G67NJ6WM then sleep 2.0 s
#   attempt 9 2026-09-24T14:42:55.791601+09:00 http 503 1830.1 ms gen gen_01M38Z0EYKX17MZBHN2N4M4W0Y then sleep 2.0 s
#   attempt 10 2026-09-24T14:42:59.621883+09:00 http 503 1905.5 ms gen gen_01M38Z0JP9S060C8PHJGV3KKJQ then sleep 2.0 s
#   attempt 11 2026-09-24T14:43:03.527743+09:00 http 200 2125.2 ms gen gen_01M38Z0PEXHY4JVBQSB9XY6Z3H
2026-09-24T14:44:48.689670+09:00 r1 L1.B      4 200   1911.8   17716    607 0.00000000  (after 27 failed attempt(s): HTTP 503, HTTP 503, HTTP 503, HTTP 503, HTTP 503, HTTP 503, HTTP 503, HTTP 503, HTTP 503, HTTP 503, HTTP 503, HTTP 503, HTTP 503, HTTP 503, HTTP 503, HTTP 503, HTTP 503, HTTP 503, HTTP 503, HTTP 503, HTTP 503, HTTP 503, HTTP 503, HTTP 503, HTTP 503, HTTP 503, HTTP 503)
#   request 61919 bytes sha256 9daa0ce9e416f160, 28 attempt(s), 54.0 s waited
#   attempt 1 2026-09-24T14:43:05.656285+09:00 http 503 1813.1 ms gen gen_01M38Z0RJ2YKC9PYAM38SCHBWT then sleep 2.0 s
#   attempt 2 2026-09-24T14:43:09.469538+09:00 http 503 1692.5 ms gen gen_01M38Z0W5KJ5N5F2KKV6SEB9CB then sleep 2.0 s
#   attempt 3 2026-09-24T14:43:13.162221+09:00 http 503 1665.9 ms gen gen_01M38Z0ZMTEF7K7177GD8JB3AT then sleep 2.0 s
#   attempt 4 2026-09-24T14:43:16.820328+09:00 http 503 1709.1 ms gen gen_01M38Z13BBNKS0K38C19RNBXVN then sleep 2.0 s
#   attempt 5 2026-09-24T14:43:20.529598+09:00 http 503 1633.6 ms gen gen_01M38Z16Y5JK5QYB00G8DVS264 then sleep 2.0 s
#   attempt 6 2026-09-24T14:43:24.163474+09:00 http 503 1615.9 ms gen gen_01M38Z1AHARPXDPYBQY3B8W652 then sleep 2.0 s
#   attempt 7 2026-09-24T14:43:27.779558+09:00 http 503 1728.8 ms gen gen_01M38Z1E4YR4YB7P083YAZ1JEK then sleep 2.0 s
#   attempt 8 2026-09-24T14:43:31.508521+09:00 http 503 1610.6 ms gen gen_01M38Z1HKAQYBPKG01WSEZB5GA then sleep 2.0 s
#   attempt 9 2026-09-24T14:43:35.119267+09:00 http 503 2069.1 ms gen gen_01M38Z1NA7G0BA5SNJ3TGWV4K8 then sleep 2.0 s
#   attempt 10 2026-09-24T14:43:39.188513+09:00 http 503 1551.1 ms gen gen_01M38Z1S2MDFFAJHRB1SMH0S4P then sleep 2.0 s
#   attempt 11 2026-09-24T14:43:42.739811+09:00 http 503 1675.5 ms gen gen_01M38Z1WNHANKB2E5H7QKHST74 then sleep 2.0 s
#   attempt 12 2026-09-24T14:43:46.420683+09:00 http 503 1513.5 ms gen gen_01M38Z205P984V1QKMTD05WSYP then sleep 2.0 s
#   attempt 13 2026-09-24T14:43:49.934352+09:00 http 503 1732.6 ms gen gen_01M38Z23R5YZ4PH4C3RQ07A0WQ then sleep 2.0 s
#   attempt 14 2026-09-24T14:43:53.667118+09:00 http 503 1819.5 ms gen gen_01M38Z27EXF2RSTMF5B0CJD6E7 then sleep 2.0 s
#   attempt 15 2026-09-24T14:43:57.486809+09:00 http 503 1788.5 ms gen gen_01M38Z2B5SEWN9Y6JJAYVSXEQV then sleep 2.0 s
#   attempt 16 2026-09-24T14:44:01.275531+09:00 http 503 2011.7 ms gen gen_01M38Z2EQBV8R7K7B2CWVCWJNM then sleep 2.0 s
#   attempt 17 2026-09-24T14:44:05.287445+09:00 http 503 1838.5 ms gen gen_01M38Z2JS0GBEYH5S2DZTR0QXN then sleep 2.0 s
#   attempt 18 2026-09-24T14:44:09.126117+09:00 http 503 1852.1 ms gen gen_01M38Z2P8ZK450KPBK41BMACWS then sleep 2.0 s
#   attempt 19 2026-09-24T14:44:12.978442+09:00 http 503 1795.6 ms gen gen_01M38Z2T66XXW8R4QMVDD0HTDW then sleep 2.0 s
#   attempt 20 2026-09-24T14:44:16.772637+09:00 http 503 2001.8 ms gen gen_01M38Z2XY9Y3E4N1NB7NSV8VQR then sleep 2.0 s
#   attempt 21 2026-09-24T14:44:20.774614+09:00 http 503 1723.5 ms gen gen_01M38Z31TPE92FP2SZJPS9940F then sleep 2.0 s
#   attempt 22 2026-09-24T14:44:24.498235+09:00 http 503 1704.4 ms gen gen_01M38Z35FQ3FNQZE0C20FR7VYP then sleep 2.0 s
#   attempt 23 2026-09-24T14:44:28.203045+09:00 http 503 1748.4 ms gen gen_01M38Z393Y99RSP3SCH4JADZ8A then sleep 2.0 s
#   attempt 24 2026-09-24T14:44:31.951665+09:00 http 503 1724.3 ms gen gen_01M38Z3CSNXN9JXQXH1C63VBBS then sleep 2.0 s
#   attempt 25 2026-09-24T14:44:35.676187+09:00 http 503 1786.3 ms gen gen_01M38Z3GE9EDGQXRBTTR3AHG3G then sleep 2.0 s
#   attempt 26 2026-09-24T14:44:39.462682+09:00 http 503 1727.8 ms gen gen_01M38Z3M34AKPSA2DP6BAH0A6J then sleep 2.0 s
#   attempt 27 2026-09-24T14:44:43.190681+09:00 http 503 1588.5 ms gen gen_01M38Z3QKMF5XYPNQHYDPQ8KBS then sleep 2.0 s
#   attempt 28 2026-09-24T14:44:46.777833+09:00 http 200 1911.8 ms gen gen_01M38Z3V56VB0SGSFAFXFQMF0R
2026-09-24T14:45:08.779360+09:00 r1 L2.B      4 200   1735.6   12633    607 0.00000000  (after 5 failed attempt(s): HTTP 503, HTTP 503, HTTP 503, HTTP 503, HTTP 503)
#   request 38883 bytes sha256 ead6f59c8cc48eec, 6 attempt(s), 10.0 s waited
#   attempt 1 2026-09-24T14:44:48.696417+09:00 http 503 1569.5 ms gen gen_01M38Z3X2ZB8F9YGPMD7WWY57E then sleep 2.0 s
#   attempt 2 2026-09-24T14:44:52.266103+09:00 http 503 1696.4 ms gen gen_01M38Z40P73HREVMBS0R3CDVQB then sleep 2.0 s
#   attempt 3 2026-09-24T14:44:55.962637+09:00 http 503 1553.5 ms gen gen_01M38Z445WEQ6HS1X0N9041C2T then sleep 2.0 s
#   attempt 4 2026-09-24T14:44:59.516300+09:00 http 503 1646.0 ms gen gen_01M38Z47EGKBVZ9KT0TCNPKSMQ then sleep 2.0 s
#   attempt 5 2026-09-24T14:45:03.162464+09:00 http 503 1880.8 ms gen gen_01M38Z4B6Y2RE0HENJRXCF5DMN then sleep 2.0 s
#   attempt 6 2026-09-24T14:45:07.043649+09:00 http 200 1735.6 ms gen gen_01M38Z4EWNRJA2RFB6DFMCQ8XY
2026-09-24T14:45:16.527761+09:00 r1 L3.B      4 200   4173.4   14110    607 0.00000000  (after 1 failed attempt(s): HTTP 503)
#   request 45013 bytes sha256 464aee19d0432e85, 2 attempt(s), 2.0 s waited
#   attempt 1 2026-09-24T14:45:08.783772+09:00 http 503 1573.5 ms gen gen_01M38Z4GMCYMCQWK90PKYEAE0H then sleep 2.0 s
#   attempt 2 2026-09-24T14:45:12.357867+09:00 http 200 4173.4 ms gen gen_01M38Z4M5Z9J6GXYDAFXRQ1XBR
2026-09-24T14:45:26.310975+09:00 r1 L4.B      4 200   2066.7   14196    607 0.00000000  (after 2 failed attempt(s): HTTP 503, HTTP 503)
#   request 45299 bytes sha256 b781919c7cbbafcc, 3 attempt(s), 4.0 s waited
#   attempt 1 2026-09-24T14:45:16.531338+09:00 http 503 1784.9 ms gen gen_01M38Z4RC0CYZWK8VFDDAF4YZQ then sleep 2.0 s
#   attempt 2 2026-09-24T14:45:20.316437+09:00 http 503 1927.5 ms gen gen_01M38Z4VZBYD1PXFBA6R6BXC92 then sleep 2.0 s
#   attempt 3 2026-09-24T14:45:24.244155+09:00 http 200 2066.7 ms gen gen_01M38Z4ZW1JP6JP35N00FQ21CY
2026-09-24T14:45:42.676099+09:00 r1 L5.B      4 200   2054.8   14791    607 0.00000000  (after 4 failed attempt(s): HTTP 503, HTTP 503, HTTP 503, HTTP 503)
#   request 47232 bytes sha256 928c0f0bb35e3817, 5 attempt(s), 8.0 s waited
#   attempt 1 2026-09-24T14:45:26.316043+09:00 http 503 1596.4 ms gen gen_01M38Z51SD3X2G7KDRHEKYQ661 then sleep 2.0 s
#   attempt 2 2026-09-24T14:45:29.912630+09:00 http 503 1627.8 ms gen gen_01M38Z559SQH0FZ1DB013V900X then sleep 2.0 s
#   attempt 3 2026-09-24T14:45:33.540633+09:00 http 503 1513.7 ms gen gen_01M38Z58W0XTYPT9AS1HYEDFEF then sleep 2.0 s
#   attempt 4 2026-09-24T14:45:37.054502+09:00 http 503 1566.5 ms gen gen_01M38Z5C8GAPS4QK032TKJ68BY then sleep 2.0 s
#   attempt 5 2026-09-24T14:45:40.621237+09:00 http 200 2054.8 ms gen gen_01M38Z5FJK626TVGNHTEKZ5ACS
2026-09-24T14:46:25.705989+09:00 r1 L6.A      8 200   2205.1   24374    341 0.00000000  (after 11 failed attempt(s): HTTP 503, HTTP 503, HTTP 503, HTTP 503, HTTP 503, HTTP 503, HTTP 503, HTTP 503, HTTP 503, HTTP 503, HTTP 503)
#   request 67601 bytes sha256 0ef27d80de1ed9c7, 12 attempt(s), 22.0 s waited
#   attempt 1 2026-09-24T14:45:42.679877+09:00 http 503 1517.9 ms gen gen_01M38Z5HNFTEEJJTG93TZ1F52V then sleep 2.0 s
#   attempt 2 2026-09-24T14:45:46.198019+09:00 http 503 1639.6 ms gen gen_01M38Z5N3ST92RYH0JX9MAPC0P then sleep 2.0 s
#   attempt 3 2026-09-24T14:45:49.837822+09:00 http 503 1788.7 ms gen gen_01M38Z5RV6SSME0Z0VPZWYSFWT then sleep 2.0 s
#   attempt 4 2026-09-24T14:45:53.626734+09:00 http 503 1842.3 ms gen gen_01M38Z5WGJK6WN2HFRZ4KDY7Z0 then sleep 2.0 s
#   attempt 5 2026-09-24T14:45:57.469205+09:00 http 503 1756.3 ms gen gen_01M38Z60BWEGVSTM351ZAGTG79 then sleep 2.0 s
#   attempt 6 2026-09-24T14:46:01.225637+09:00 http 503 1641.2 ms gen gen_01M38Z63WWVJ8R34DNV6E2JVEZ then sleep 2.0 s
#   attempt 7 2026-09-24T14:46:04.866979+09:00 http 503 1792.4 ms gen gen_01M38Z67HJC0AAECQQ15S98B0V then sleep 2.0 s
#   attempt 8 2026-09-24T14:46:08.659593+09:00 http 503 1855.1 ms gen gen_01M38Z6B82QMEWV35095B7QKHK then sleep 2.0 s
#   attempt 9 2026-09-24T14:46:12.514938+09:00 http 503 1763.5 ms gen gen_01M38Z6EVZ91PJPHEZNR4S2DQ1 then sleep 2.0 s
#   attempt 10 2026-09-24T14:46:16.276913+09:00 http 503 1611.2 ms gen gen_01M38Z6JM6368W7R8MVNFTEH1P then sleep 2.0 s
#   attempt 11 2026-09-24T14:46:19.888277+09:00 http 503 1612.3 ms gen gen_01M38Z6P3H58F8Y26JQDCFMW4T then sleep 2.0 s
#   attempt 12 2026-09-24T14:46:23.500820+09:00 http 200 2205.1 ms gen gen_01M38Z6SJQT09A1RP0VQ5ZKNM3
2026-09-24T14:46:45.723888+09:00 r1 L6.B      4 200   1798.4   15208    607 0.00000000  (after 5 failed attempt(s): HTTP 503, HTTP 503, HTTP 503, HTTP 503, HTTP 503)
#   request 49191 bytes sha256 6a04e32f7af07c96, 6 attempt(s), 10.0 s waited
#   attempt 1 2026-09-24T14:46:25.709582+09:00 http 503 1668.8 ms gen gen_01M38Z6VTYCKSDQ7FYH9J73JRE then sleep 2.0 s
#   attempt 2 2026-09-24T14:46:29.378536+09:00 http 503 1699.3 ms gen gen_01M38Z6ZEA5ZDVH42R15N6CKA7 then sleep 2.0 s
#   attempt 3 2026-09-24T14:46:33.078053+09:00 http 503 1712.1 ms gen gen_01M38Z7337WXDPAEQBVEA462M7 then sleep 2.0 s
#   attempt 4 2026-09-24T14:46:36.790274+09:00 http 503 1660.1 ms gen gen_01M38Z76HAM8J33C3S1K5N3Q6P then sleep 2.0 s
#   attempt 5 2026-09-24T14:46:40.450542+09:00 http 503 1476.1 ms gen gen_01M38Z7A3YR3MK9F8FJGH44PFR then sleep 2.0 s
#   attempt 6 2026-09-24T14:46:43.926870+09:00 http 200 1798.4 ms gen gen_01M38Z7DHXQT02VAV2XRRB72AV
2026-09-24T14:49:28.199641+09:00 r1 L7.A     24 200   2577.9   32590    388 0.00000000  (after 40 failed attempt(s): HTTP 503, HTTP 503, HTTP 503, HTTP 503, HTTP 503, HTTP 503, HTTP 503, HTTP 503, HTTP 503, HTTP 503, HTTP 503, HTTP 503, HTTP 503, HTTP 503, HTTP 503, HTTP 503, HTTP 503, HTTP 503, HTTP 503, HTTP 503, HTTP 503, HTTP 503, HTTP 503, HTTP 503, HTTP 503, HTTP 503, HTTP 503, HTTP 503, HTTP 503, HTTP 503, HTTP 503, HTTP 503, HTTP 503, HTTP 503, HTTP 503, HTTP 503, HTTP 503, HTTP 503, HTTP 503, HTTP 503)
#   request 98697 bytes sha256 53367804d6291e34, 41 attempt(s), 80.0 s waited
#   attempt 1 2026-09-24T14:46:45.729228+09:00 http 503 1913.3 ms gen gen_01M38Z7FG59KR6CPRT852D6WHP then sleep 2.0 s
#   attempt 2 2026-09-24T14:46:49.642715+09:00 http 503 1902.9 ms gen gen_01M38Z7KCDTZEN0RN8ENVDV23S then sleep 2.0 s
#   attempt 3 2026-09-24T14:46:53.545781+09:00 http 503 1988.2 ms gen gen_01M38Z7QA98704ZENEWMPMR4D7 then sleep 2.0 s
#   attempt 4 2026-09-24T14:46:57.534290+09:00 http 503 1630.3 ms gen gen_01M38Z7TVJC3Z40NCZ47R4DX5D then sleep 2.0 s
#   attempt 5 2026-09-24T14:47:01.164752+09:00 http 503 2357.3 ms gen gen_01M38Z7YSSQRYTX7GXN36XYE8W then sleep 2.0 s
#   attempt 6 2026-09-24T14:47:05.522253+09:00 http 503 1765.5 ms gen gen_01M38Z82SWHKES5WCSX63DGTHA then sleep 2.0 s
#   attempt 7 2026-09-24T14:47:09.287901+09:00 http 503 1854.0 ms gen gen_01M38Z86JM47F53B4001WHEY11 then sleep 2.0 s
#   attempt 8 2026-09-24T14:47:13.142063+09:00 http 503 1771.3 ms gen gen_01M38Z8A620YMX5SHJFKN6BPRY then sleep 2.0 s
#   attempt 9 2026-09-24T14:47:16.908300+09:00 http 503 2025.5 ms gen gen_01M38Z8E4DQMNHY9T7P7Z409JS then sleep 2.0 s
#   attempt 10 2026-09-24T14:47:20.934193+09:00 http 503 1961.4 ms gen gen_01M38Z8J2Z9RBDSQR204K25B2E then sleep 2.0 s
#   attempt 11 2026-09-24T14:47:24.896056+09:00 http 503 2839.0 ms gen gen_01M38Z8NRKNSHCZG0XJEFXTGEW then sleep 2.0 s
#   attempt 12 2026-09-24T14:47:29.735223+09:00 http 503 2028.6 ms gen gen_01M38Z8TMV30GC47GGJZ29ZXCQ then sleep 2.0 s
#   attempt 13 2026-09-24T14:47:33.764255+09:00 http 503 1703.5 ms gen gen_01M38Z8YB4A7SZQ4D0788QRH0N then sleep 2.0 s
#   attempt 14 2026-09-24T14:47:37.467888+09:00 http 503 1787.2 ms gen gen_01M38Z921HPC0N1BMRKB0M7NBR then sleep 2.0 s
#   attempt 15 2026-09-24T14:47:41.255289+09:00 http 503 1964.3 ms gen gen_01M38Z95NHYP0F000K8DPC89CV then sleep 2.0 s
#   attempt 16 2026-09-24T14:47:45.222266+09:00 http 503 1792.9 ms gen gen_01M38Z99JR2A5225ARDCEPAYWJ then sleep 2.0 s
#   attempt 17 2026-09-24T14:47:49.015319+09:00 http 503 2088.4 ms gen gen_01M38Z9DDWZSSWK9Y3TN5KC6JV then sleep 2.0 s
#   attempt 18 2026-09-24T14:47:53.103922+09:00 http 503 1687.2 ms gen gen_01M38Z9HBN98QKSK3D9JXH8SVD then sleep 2.0 s
#   attempt 19 2026-09-24T14:47:56.791238+09:00 http 503 1766.6 ms gen gen_01M38Z9MX2SN382HS0FZW8EGBP then sleep 2.0 s
#   attempt 20 2026-09-24T14:48:00.558008+09:00 http 503 2072.1 ms gen gen_01M38Z9RR9WJWQHVEPJ40MH08T then sleep 2.0 s
#   attempt 21 2026-09-24T14:48:04.630317+09:00 http 503 1888.2 ms gen gen_01M38Z9WJRVJGS2VGP4GE5B37J then sleep 2.0 s
#   attempt 22 2026-09-24T14:48:08.518842+09:00 http 503 2047.2 ms gen gen_01M38ZA0JM3H1R1GNJQGPVFR0H then sleep 2.0 s
#   attempt 23 2026-09-24T14:48:12.566194+09:00 http 503 2180.5 ms gen gen_01M38ZA4DB76TAABPZ14W1K8YS then sleep 2.0 s
#   attempt 24 2026-09-24T14:48:16.744571+09:00 http 503 1690.6 ms gen gen_01M38ZA88KVBMDFE2TD8DRE3SN then sleep 2.0 s
#   attempt 25 2026-09-24T14:48:20.435340+09:00 http 503 2196.2 ms gen gen_01M38ZAC4X55KVMNTJC3MREM9Z then sleep 2.0 s
#   attempt 26 2026-09-24T14:48:24.631960+09:00 http 503 1873.1 ms gen gen_01M38ZAG5QRAJ0YNH6578XTCR1 then sleep 2.0 s
#   attempt 27 2026-09-24T14:48:28.505203+09:00 http 503 2276.9 ms gen gen_01M38ZAM3XB7PPHC86YVEHF091 then sleep 2.0 s
#   attempt 28 2026-09-24T14:48:32.782458+09:00 http 503 1850.3 ms gen gen_01M38ZAR3PAR0K2YHT40GT2C5G then sleep 2.0 s
#   attempt 29 2026-09-24T14:48:36.632991+09:00 http 503 2074.5 ms gen gen_01M38ZAVVBC23ZFEP1G82W47HX then sleep 2.0 s
#   attempt 30 2026-09-24T14:48:40.707659+09:00 http 503 2059.5 ms gen gen_01M38ZB02DWM7J23BJK725EKYV then sleep 2.0 s
#   attempt 31 2026-09-24T14:48:44.765910+09:00 http 503 1848.5 ms gen gen_01M38ZB3TB8TC01CF2BHQJ8235 then sleep 2.0 s
#   attempt 32 2026-09-24T14:48:48.614632+09:00 http 503 1894.5 ms gen gen_01M38ZB7KDMSE0EDE2A5GCHXJM then sleep 2.0 s
#   attempt 33 2026-09-24T14:48:52.509353+09:00 http 503 2262.8 ms gen gen_01M38ZBBQE8WSA77XK8TRCFF3S then sleep 2.0 s
#   attempt 34 2026-09-24T14:48:56.772365+09:00 http 503 1978.6 ms gen gen_01M38ZBFJSVXTRPZGZY2FPJKZB then sleep 2.0 s
#   attempt 35 2026-09-24T14:49:00.751403+09:00 http 503 2363.3 ms gen gen_01M38ZBKTEH5G62MBKMK7MFGNK then sleep 2.0 s
#   attempt 36 2026-09-24T14:49:05.114871+09:00 http 503 1909.5 ms gen gen_01M38ZBQMTB9Z86MPAMMD8Y1SZ then sleep 2.0 s
#   attempt 37 2026-09-24T14:49:09.024544+09:00 http 503 2159.7 ms gen gen_01M38ZBVQ7QPYXSEZ68DW2FARW then sleep 2.0 s
#   attempt 38 2026-09-24T14:49:13.184453+09:00 http 503 2228.1 ms gen gen_01M38ZBZQJF003NF8HHRVBB9WP then sleep 2.0 s
#   attempt 39 2026-09-24T14:49:17.411057+09:00 http 503 2229.1 ms gen gen_01M38ZC40N55KKK5JKVVQSR250 then sleep 2.0 s
#   attempt 40 2026-09-24T14:49:21.640337+09:00 http 503 1981.1 ms gen gen_01M38ZC7ZAH2CX00FG4RXK1DQA then sleep 2.0 s
#   attempt 41 2026-09-24T14:49:25.621569+09:00 http 200 2577.9 ms gen gen_01M38ZCBSA674A74HQ3BRGHE4M
