[leak-check] static variant texts: clean
[jaq r1] B0 A.b0 -> ok (line 1)
[jaq r1] B0 A.b1 -> ok (line 2)
[jaq r1] B0 A.b2 -> ok (line 3)
[jaq r1] L6 A.b0 -> ok (line 4)
[jaq r1] L6 A.b1 -> ok (line 5)
[jaq r1] L6 A.b2 -> ok (line 6)
[jaq r1] L7 A.b0.c0 -> ok (line 7)
[jaq r1] L7 A.b0.c1 -> ok (line 8)
[jaq r1] L7 A.b1.c0 -> ok (line 9)
[jaq r1] L7 A.b1.c1 -> ok (line 10)
[jaq r1] L7 A.b1.c2 -> ok (line 11)
[jaq r1] L7 A.b2 -> ok (line 12)
[jaq r1] L8 A.b0.step1 -> ok (line 13)
[jaq r1] L8 A.b0.step2 -> ok (line 14)
[jaq r1] L8 A.b1.step1 -> ok (line 15)
[jaq r1] L8 A.b1.step2 -> ok (line 16)
[jaq r1] L8 A.b2.step1 -> ok (line 17)
[jaq r1] L8 A.b2.step2 -> ok (line 18)
[jaq r1] L9 A.b0 -> ok (line 19)
[jaq r1] L9 A.b1 -> ok (line 20)
[jaq r1] L9 A.b2 -> ok (line 21)
[jaq r1] L10 A.fn:jaq_json::read::parse -> ok (line 22)
[jaq r1] L10 A.fn:<hifijson::SliceLexer as hifijson:: -> ok (line 23)
[jaq r1] L10 A.fn:<hifijson::SliceLexer as hifijson:: -> ok (line 24)
[jaq r1] L10 A.fn:<hifijson::SliceLexer as hifijson:: -> ok (line 25)
[jaq r1] L10 A.fn:<jaq_core::compile::TermId>::run -> ok (line 26)
[jaq r1] L10 A.fn:jaq_json::write::write -> ok (line 27)
[jaq r1] L10 A.fn:<jaq_json::funs::base<jaq_all::data -> ok (line 28)
[jaq r1] L10 A.fn:<<jaq_core::path::Path<jaq_json::Va -> ok (line 29)
[jaq r1] L10 A.fn:<core::io::write::default_write_fmt -> ok (line 30)
[jaq r1] L10 A.fn:<hashbrown::raw::RawTable<usize>>:: -> ok (line 31)
[jaq r1] L10 A.fn:<alloc::rc::Rc<indexmap::map::Index -> ok (line 32)
[jaq r1] L10 A.fn:<jaq_std::base_run<jaq_all::data::D -> ok (line 33)
[jaq r1] L10 A.fn:jaq_core::path::run -> ok (line 34)
[jaq r1] L10 A.fn:<jaq_json::Val as core::hash::Hash> -> ok (line 35)
[jaq r1] L10 A.fn:<&alloc::string::String as core::fm -> ok (line 36)
[jaq r1] L11 A.b0 -> ok (line 37)
[jaq r1] L11 A.b1 -> ok (line 38)
[jaq r1] L11 A.b2 -> ok (line 39)
[jaq r1] L12 A.b0 -> ok (line 40)
[jaq r1] L12 A.b1 -> ok (line 41)
[jaq r1] L12 A.b2 -> ok (line 42)
[jaq r1] L13 A.b0 -> ok (line 43)
[jaq r1] L13 A.b1 -> ok (line 44)
[jaq r1] L13 A.b2 -> ok (line 45)
[jaq r2] B0 A.b0 -> ok (line 46)
[jaq r2] B0 A.b1 -> ok (line 47)
[jaq r2] B0 A.b2 -> ok (line 48)
[jaq r2] L6 A.b0 -> ok (line 49)
[jaq r2] L6 A.b1 -> ok (line 50)
[jaq r2] L6 A.b2 -> ok (line 51)
[jaq r2] L7 A.b0.c0 -> ok (line 52)
[jaq r2] L7 A.b0.c1 -> ok (line 53)
[jaq r2] L7 A.b1.c0 -> ok (line 54)
[jaq r2] L7 A.b1.c1 -> ok (line 55)
[jaq r2] L7 A.b1.c2 -> ok (line 56)
[jaq r2] L7 A.b2 -> ok (line 57)
[jaq r2] L8 A.b0.step1 -> ok (line 58)
[jaq r2] L8 A.b0.step2 -> ok (line 59)
[jaq r2] L8 A.b1.step1 -> ok (line 60)
[jaq r2] L8 A.b1.step2 -> ok (line 61)
[jaq r2] L8 A.b2.step1 -> ok (line 62)
[jaq r2] L8 A.b2.step2 -> ok (line 63)
[jaq r2] L9 A.b0 -> ok (line 64)
[jaq r2] L9 A.b1 -> ok (line 65)
[jaq r2] L9 A.b2 -> ok (line 66)
[jaq r2] L10 A.fn:jaq_json::read::parse -> ok (line 67)
[jaq r2] L10 A.fn:<hifijson::SliceLexer as hifijson:: -> ok (line 68)
[jaq r2] L10 A.fn:<hifijson::SliceLexer as hifijson:: -> ok (line 69)
[jaq r2] L10 A.fn:<hifijson::SliceLexer as hifijson:: -> ok (line 70)
[jaq r2] L10 A.fn:<jaq_core::compile::TermId>::run -> ok (line 71)
[jaq r2] L10 A.fn:jaq_json::write::write -> ok (line 72)
[jaq r2] L10 A.fn:<jaq_json::funs::base<jaq_all::data -> ok (line 73)
[jaq r2] L10 A.fn:<<jaq_core::path::Path<jaq_json::Va -> ok (line 74)
[jaq r2] L10 A.fn:<core::io::write::default_write_fmt -> ok (line 75)
[jaq r2] L10 A.fn:<hashbrown::raw::RawTable<usize>>:: -> ok (line 76)
[jaq r2] L10 A.fn:<alloc::rc::Rc<indexmap::map::Index -> ok (line 77)
[jaq r2] L10 A.fn:<jaq_std::base_run<jaq_all::data::D -> ok (line 78)
[jaq r2] L10 A.fn:jaq_core::path::run -> ok (line 79)
[jaq r2] L10 A.fn:<jaq_json::Val as core::hash::Hash> -> ok (line 80)
[jaq r2] L10 A.fn:<&alloc::string::String as core::fm -> ok (line 81)
[jaq r2] L11 A.b0 -> ok (line 82)
[jaq r2] L11 A.b1 -> ok (line 83)
[jaq r2] L11 A.b2 -> ok (line 84)
[jaq r2] L12 A.b0 -> ok (line 85)
[jaq r2] L12 A.b1 -> ok (line 86)
[jaq r2] L12 A.b2 -> ok (line 87)
[jaq r2] L13 A.b0 -> ok (line 88)
[jaq r2] L13 A.b1 -> ok (line 89)
[jaq r2] L13 A.b2 -> ok (line 90)
[jaq r3] B0 A.b0 -> ok (line 91)
[jaq r3] B0 A.b1 -> ok (line 92)
[jaq r3] B0 A.b2 -> ok (line 93)
[jaq r3] L6 A.b0 -> ok (line 94)
[jaq r3] L6 A.b1 -> ok (line 95)
[jaq r3] L6 A.b2 -> ok (line 96)
[jaq r3] L7 A.b0.c0 -> ok (line 97)
[jaq r3] L7 A.b0.c1 -> ok (line 98)
[jaq r3] L7 A.b1.c0 -> ok (line 99)
[jaq r3] L7 A.b1.c1 -> ok (line 100)
[jaq r3] L7 A.b1.c2 -> ok (line 101)
[jaq r3] L7 A.b2 -> ok (line 102)
[jaq r3] L8 A.b0.step1 -> ok (line 103)
[jaq r3] L8 A.b0.step2 -> ok (line 104)
[jaq r3] L8 A.b1.step1 -> ok (line 105)
[jaq r3] L8 A.b1.step2 -> ok (line 106)
[jaq r3] L8 A.b2.step1 -> ok (line 107)
[jaq r3] L8 A.b2.step2 -> ok (line 108)
[jaq r3] L9 A.b0 -> ok (line 109)
[jaq r3] L9 A.b1 -> ok (line 110)
[jaq r3] L9 A.b2 -> ok (line 111)
[jaq r3] L10 A.fn:jaq_json::read::parse -> ok (line 112)
[jaq r3] L10 A.fn:<hifijson::SliceLexer as hifijson:: -> ok (line 113)
[jaq r3] L10 A.fn:<hifijson::SliceLexer as hifijson:: -> ok (line 114)
[jaq r3] L10 A.fn:<hifijson::SliceLexer as hifijson:: -> ok (line 115)
[jaq r3] L10 A.fn:<jaq_core::compile::TermId>::run -> ok (line 116)
[jaq r3] L10 A.fn:jaq_json::write::write -> ok (line 117)
[jaq r3] L10 A.fn:<jaq_json::funs::base<jaq_all::data -> ok (line 118)
[jaq r3] L10 A.fn:<<jaq_core::path::Path<jaq_json::Va -> ok (line 119)
[jaq r3] L10 A.fn:<core::io::write::default_write_fmt -> ok (line 120)
[jaq r3] L10 A.fn:<hashbrown::raw::RawTable<usize>>:: -> ok (line 121)
[jaq r3] L10 A.fn:<alloc::rc::Rc<indexmap::map::Index -> ok (line 122)
[jaq r3] L10 A.fn:<jaq_std::base_run<jaq_all::data::D -> ok (line 123)
[jaq r3] L10 A.fn:jaq_core::path::run -> ok (line 124)
[jaq r3] L10 A.fn:<jaq_json::Val as core::hash::Hash> -> ok (line 125)
[jaq r3] L10 A.fn:<&alloc::string::String as core::fm -> ok (line 126)
[jaq r3] L11 A.b0 -> ok (line 127)
[jaq r3] L11 A.b1 -> ok (line 128)
[jaq r3] L11 A.b2 -> ok (line 129)
[jaq r3] L12 A.b0 -> ok (line 130)
[jaq r3] L12 A.b1 -> ok (line 131)
[jaq r3] L12 A.b2 -> ok (line 132)
[jaq r3] L13 A.b0 -> ok (line 133)
[jaq r3] L13 A.b1 -> ok (line 134)
[jaq r3] L13 A.b2 -> ok (line 135)
[jaq] totals {'requests': 135, 'questions': 540, 'latency_ms': 182229.92527594033, 'max_latency_ms': 3064.3731339951046, 'input_tokens': 1502640, 'output_tokens': 18559, 'cost_usd': 0.0} gateway {'requests': 135, 'attempts': 773, 'landed': 135, 'exhausted': 0, 'lost_phases': 0, 'lost_rounds': 0, 'seconds_waiting': 1276.0}
phase1 exit 0
