[leak-check] static variant texts: clean
[zopfli r1] B0 A -> ok (line 1)
[zopfli r1] B0 B -> ok (line 2)
[zopfli r1] L1 B -> ok (line 3)
[zopfli r1] L2 B -> ok (line 4)
[zopfli r1] L3 B -> ok (line 5)
[zopfli r1] L4 B -> ok (line 6)
[zopfli r1] L5 B -> ok (line 7)
[zopfli r1] L6 A -> ok (line 8)
[zopfli r1] L6 B -> ok (line 9)
[zopfli r1] L7 A -> ok (line 10)
[leak-check] static variant texts: clean
[resume] 10 landed requests already in /home/hiro/prj/jev-optimize/artifacts/jev-prompt-study-2/ps2-zopfli.jsonl
[zopfli r1] L7 A.c0 -> ok (line 12)
[zopfli r1] L7 A.c1 -> ok (line 13)
[zopfli r1] L7 B.c0 -> ok (line 14)
[zopfli r1] L7 B.c1 -> ok (line 15)
[zopfli r1] L7 B.c2 -> ok (line 16)
[zopfli r1] L7 B.c3 -> ok (line 17)
[zopfli r1] L7 B.c4 -> ok (line 18)
[zopfli r1] L7 B.c5 -> ok (line 19)
[zopfli r1] L8 A.step1 -> ok (line 20)
[zopfli r1] L8 A.step2 -> ok (line 21)
[zopfli r1] L8 B.step1 -> ok (line 22)
[zopfli r1] L8 B.step2 -> ok (line 23)
[zopfli r1] L9 A -> ok (line 24)
[zopfli r1] L9 B -> ok (line 25)
[zopfli r1] L10 A.fn:zopfli::lz77::find_longest_match_lo -> ok (line 26)
[zopfli r1] L10 A.fn:zopfli::squeeze::lz77_optimal -> ok (line 27)
[zopfli r1] L10 A.fn:zopfli::squeeze::get_best_lengths -> ok (line 28)
[zopfli r1] L10 A.fn:zopfli::squeeze::lz77_optimal_run -> ok (line 29)
[zopfli r1] L10 A.fn:<zopfli::hash::ZopfliHash>::update -> ok (line 30)
[zopfli r1] L10 A.fn:zopfli::lz77::find_longest_match -> ok (line 31)
[zopfli r1] L10 B.zopfli::lz77::find_longest_match_loop@ -> ok (line 32)
[zopfli r1] L10 B.zopfli::squeeze::lz77_optimal@squeeze. -> ok (line 33)
[zopfli r1] L10 B.zopfli::squeeze::lz77_optimal@squeeze. -> ok (line 34)
[zopfli r1] L10 B.zopfli::lz77::find_longest_match_loop@ -> ok (line 35)
[zopfli r1] L10 B.<zopfli::hash::ZopfliHash>::update@ind -> ok (line 36)
[zopfli r1] L11 A -> ok (line 37)
[zopfli r1] L11 B -> ok (line 38)
[zopfli r1] L12 A -> ok (line 39)
[zopfli r1] L12 B -> ok (line 40)
[zopfli r1] L13 A -> ok (line 41)
[zopfli r1] L13 B -> ok (line 42)
[zopfli r2] B0 A -> ok (line 43)
[zopfli r2] B0 B -> ok (line 44)
[zopfli r2] L1 B -> ok (line 45)
[zopfli r2] L2 B -> ok (line 46)
[zopfli r2] L3 B -> ok (line 47)
[zopfli r2] L4 B -> ok (line 48)
[zopfli r2] L5 B -> ok (line 49)
[zopfli r2] L6 A -> ok (line 50)
[zopfli r2] L6 B -> ok (line 51)
[zopfli r2] L7 A.c0 -> ok (line 52)
[zopfli r2] L7 A.c1 -> ok (line 53)
[zopfli r2] L7 B.c0 -> ok (line 54)
[zopfli r2] L7 B.c1 -> ok (line 55)
[zopfli r2] L7 B.c2 -> ok (line 56)
[zopfli r2] L7 B.c3 -> ok (line 57)
[zopfli r2] L7 B.c4 -> ok (line 58)
[zopfli r2] L7 B.c5 -> ok (line 59)
[zopfli r2] L8 A.step1 -> ok (line 60)
[zopfli r2] L8 A.step2 -> ok (line 61)
[zopfli r2] L8 B.step1 -> ok (line 62)
[zopfli r2] L8 B.step2 -> ok (line 63)
[zopfli r2] L9 A -> ok (line 64)
[zopfli r2] L9 B -> ok (line 65)
[zopfli r2] L10 A.fn:zopfli::lz77::find_longest_match_lo -> ok (line 66)
[zopfli r2] L10 A.fn:zopfli::squeeze::lz77_optimal -> ok (line 67)
[zopfli r2] L10 A.fn:zopfli::squeeze::get_best_lengths -> ok (line 68)
[zopfli r2] L10 A.fn:zopfli::squeeze::lz77_optimal_run -> ok (line 69)
[zopfli r2] L10 A.fn:<zopfli::hash::ZopfliHash>::update -> ok (line 70)
[zopfli r2] L10 A.fn:zopfli::lz77::find_longest_match -> ok (line 71)
[zopfli r2] L10 B.zopfli::lz77::find_longest_match_loop@ -> ok (line 72)
[zopfli r2] L10 B.zopfli::squeeze::lz77_optimal@squeeze. -> ok (line 73)
[zopfli r2] L10 B.zopfli::squeeze::lz77_optimal@squeeze. -> ok (line 74)
[zopfli r2] L10 B.zopfli::lz77::find_longest_match_loop@ -> ok (line 75)
[zopfli r2] L10 B.<zopfli::hash::ZopfliHash>::update@ind -> ok (line 76)
[zopfli r2] L11 A -> ok (line 77)
[zopfli r2] L11 B -> ok (line 78)
[zopfli r2] L12 A -> ok (line 79)
[zopfli r2] L12 B -> ok (line 80)
[zopfli r2] L13 A -> ok (line 81)
[zopfli r2] L13 B -> ok (line 82)
[zopfli r3] B0 A -> ok (line 83)
[zopfli r3] B0 B -> ok (line 84)
[zopfli r3] L1 B -> ok (line 85)
[zopfli r3] L2 B -> ok (line 86)
[zopfli r3] L3 B -> ok (line 87)
[zopfli r3] L4 B -> ok (line 88)
[zopfli r3] L5 B -> ok (line 89)
[zopfli r3] L6 A -> ok (line 90)
[zopfli r3] L6 B -> ok (line 91)
[zopfli r3] L7 A.c0 -> ok (line 92)
[zopfli r3] L7 A.c1 -> ok (line 93)
[zopfli r3] L7 B.c0 -> ok (line 94)
[zopfli r3] L7 B.c1 -> ok (line 95)
[zopfli r3] L7 B.c2 -> ok (line 96)
[zopfli r3] L7 B.c3 -> ok (line 97)
[zopfli r3] L7 B.c4 -> ok (line 98)
[zopfli r3] L7 B.c5 -> ok (line 99)
[zopfli r3] L8 A.step1 -> ok (line 100)
[zopfli r3] L8 A.step2 -> ok (line 101)
[zopfli r3] L8 B.step1 -> ok (line 102)
[zopfli r3] L8 B.step2 -> ok (line 103)
[zopfli r3] L9 A -> ok (line 104)
[zopfli r3] L9 B -> ok (line 105)
[zopfli r3] L10 A.fn:zopfli::lz77::find_longest_match_lo -> ok (line 106)
[zopfli r3] L10 A.fn:zopfli::squeeze::lz77_optimal -> ok (line 107)
[zopfli r3] L10 A.fn:zopfli::squeeze::get_best_lengths -> ok (line 108)
[zopfli r3] L10 A.fn:zopfli::squeeze::lz77_optimal_run -> ok (line 109)
[zopfli r3] L10 A.fn:<zopfli::hash::ZopfliHash>::update -> ok (line 110)
[zopfli r3] L10 A.fn:zopfli::lz77::find_longest_match -> ok (line 111)
[zopfli r3] L10 B.zopfli::lz77::find_longest_match_loop@ -> ok (line 112)
[zopfli r3] L10 B.zopfli::squeeze::lz77_optimal@squeeze. -> ok (line 113)
[zopfli r3] L10 B.zopfli::squeeze::lz77_optimal@squeeze. -> ok (line 114)
[zopfli r3] L10 B.zopfli::lz77::find_longest_match_loop@ -> ok (line 115)
[zopfli r3] L10 B.<zopfli::hash::ZopfliHash>::update@ind -> ok (line 116)
[zopfli r3] L11 A -> ok (line 117)
[zopfli r3] L11 B -> ok (line 118)
[zopfli r3] L12 A -> ok (line 119)
[zopfli r3] L12 B -> ok (line 120)
[zopfli r3] L13 A -> ok (line 121)
[zopfli r3] L13 B -> ok (line 122)
[zopfli] totals {'requests': 111, 'questions': 559, 'latency_ms': 188342.60495797207, 'max_latency_ms': 3090.1972510037012, 'input_tokens': 1431363, 'output_tokens': 34519, 'cost_usd': 0.0} gateway {'requests': 111, 'attempts': 1114, 'landed': 111, 'exhausted': 0, 'lost_phases': 0, 'lost_rounds': 0, 'seconds_waiting': 3355.0}
phase1 exit 0
