[leak-check] static variant texts: clean
[hintbench r1] B0 A -> ok (line 1)
[hintbench r1] B0 B -> ok (line 2)
[hintbench r1] L1 B -> ok (line 3)
[hintbench r1] L2 B -> ok (line 4)
[hintbench r1] L3 B -> ok (line 5)
[hintbench r1] L4 B -> ok (line 6)
[hintbench r1] L5 B -> ok (line 7)
[hintbench r1] L6 A -> ok (line 8)
[hintbench r1] L6 B -> ok (line 9)
[leak-check] static variant texts: clean
[resume] 9 landed requests already in /home/hiro/prj/jev-optimize/artifacts/jev-prompt-study-2/ps2-hintbench.jsonl
[hintbench r1] L7 A.c0 -> ok (line 12)
[hintbench r1] L7 A.c1 -> ok (line 13)
[hintbench r1] L7 A.c2 -> ok (line 14)
[hintbench r1] L7 A.c3 -> ok (line 15)
[hintbench r1] L7 B.c0 -> ok (line 16)
[hintbench r1] L7 B.c1 -> ok (line 17)
[hintbench r1] L7 B.c2 -> ok (line 18)
[hintbench r1] L7 B.c3 -> ok (line 19)
[hintbench r1] L7 B.c4 -> ok (line 20)
[hintbench r1] L8 A.step1 -> ok (line 21)
[hintbench r1] L8 A.step2 -> ok (line 22)
[hintbench r1] L8 B.step1 -> ok (line 23)
[hintbench r1] L8 B.step2 -> ok (line 24)
[hintbench r1] L9 A -> ok (line 25)
[hintbench r1] L9 B -> ok (line 26)
[hintbench r1] L10 A.fn:hbkernels::k1_step -> ok (line 27)
[hintbench r1] L10 A.fn:hbkernels::k2_mix -> ok (line 28)
[hintbench r1] L10 A.fn:hbkernels::k3_fill_run -> ok (line 29)
[hintbench r1] L10 A.fn:hbkernels::k4_count_bytes -> ok (line 30)
[hintbench r1] L10 A.fn:hbkernels::k5_mul_reduce -> ok (line 31)
[hintbench r1] L10 A.fn:hbkernels::k6_hot_loop -> ok (line 32)
[hintbench r1] L10 A.fn:hbkernels::k7_error_path -> ok (line 33)
[hintbench r1] L10 A.fn:hbkernels::k8_scale_add -> ok (line 34)
[hintbench r1] L10 B.hbkernels::k5_mul_reduce@macros.rs:180 -> ok (line 35)
[hintbench r1] L10 B.hbkernels::k4_count_bytes@macros.rs:18 -> ok (line 36)
[hintbench r1] L10 B.hbkernels::k8_scale_add@range.rs:1103: -> ok (line 37)
[hintbench r1] L10 B.hbkernels::k3_fill_run@lib.rs:174:9#d3 -> ok (line 38)
[hintbench r1] L11 A -> ok (line 39)
[hintbench r1] L11 B -> ok (line 40)
[hintbench r1] L12 A -> ok (line 41)
[hintbench r1] L12 B -> ok (line 42)
[hintbench r1] L13 A -> ok (line 43)
[hintbench r1] L13 B -> ok (line 44)
[hintbench r2] B0 A -> ok (line 45)
[hintbench r2] B0 B -> ok (line 46)
[hintbench r2] L1 B -> ok (line 47)
[hintbench r2] L2 B -> ok (line 48)
[hintbench r2] L3 B -> ok (line 49)
[hintbench r2] L4 B -> ok (line 50)
[hintbench r2] L5 B -> ok (line 51)
[hintbench r2] L6 A -> ok (line 52)
[hintbench r2] L6 B -> ok (line 53)
[hintbench r2] L7 A.c0 -> ok (line 54)
[hintbench r2] L7 A.c1 -> ok (line 55)
[hintbench r2] L7 A.c2 -> ok (line 56)
[hintbench r2] L7 A.c3 -> ok (line 57)
[hintbench r2] L7 B.c0 -> ok (line 58)
[hintbench r2] L7 B.c1 -> ok (line 59)
[hintbench r2] L7 B.c2 -> ok (line 60)
[hintbench r2] L7 B.c3 -> ok (line 61)
[hintbench r2] L7 B.c4 -> ok (line 62)
[hintbench r2] L8 A.step1 -> ok (line 63)
[hintbench r2] L8 A.step2 -> ok (line 64)
[hintbench r2] L8 B.step1 -> ok (line 65)
[hintbench r2] L8 B.step2 -> ok (line 66)
[hintbench r2] L9 A -> ok (line 67)
[hintbench r2] L9 B -> ok (line 68)
[hintbench r2] L10 A.fn:hbkernels::k1_step -> ok (line 69)
[hintbench r2] L10 A.fn:hbkernels::k2_mix -> ok (line 70)
[hintbench r2] L10 A.fn:hbkernels::k3_fill_run -> ok (line 71)
[hintbench r2] L10 A.fn:hbkernels::k4_count_bytes -> ok (line 72)
[hintbench r2] L10 A.fn:hbkernels::k5_mul_reduce -> ok (line 73)
[hintbench r2] L10 A.fn:hbkernels::k6_hot_loop -> ok (line 74)
[hintbench r2] L10 A.fn:hbkernels::k7_error_path -> ok (line 75)
[hintbench r2] L10 A.fn:hbkernels::k8_scale_add -> ok (line 76)
[hintbench r2] L10 B.hbkernels::k5_mul_reduce@macros.rs:180 -> ok (line 77)
[hintbench r2] L10 B.hbkernels::k4_count_bytes@macros.rs:18 -> ok (line 78)
[hintbench r2] L10 B.hbkernels::k8_scale_add@range.rs:1103: -> ok (line 79)
[hintbench r2] L10 B.hbkernels::k3_fill_run@lib.rs:174:9#d3 -> ok (line 80)
[hintbench r2] L11 A -> ok (line 81)
[hintbench r2] L11 B -> ok (line 82)
[hintbench r2] L12 A -> ok (line 83)
[hintbench r2] L12 B -> ok (line 84)
[hintbench r2] L13 A -> ok (line 85)
[hintbench r2] L13 B -> ok (line 86)
[hintbench r3] B0 A -> ok (line 87)
[hintbench r3] B0 B -> ok (line 88)
[hintbench r3] L1 B -> ok (line 89)
[hintbench r3] L2 B -> ok (line 90)
[hintbench r3] L3 B -> ok (line 91)
[hintbench r3] L4 B -> ok (line 92)
[hintbench r3] L5 B -> ok (line 93)
[hintbench r3] L6 A -> ok (line 94)
[hintbench r3] L6 B -> ok (line 95)
[hintbench r3] L7 A.c0 -> ok (line 96)
[hintbench r3] L7 A.c1 -> ok (line 97)
[hintbench r3] L7 A.c2 -> ok (line 98)
[hintbench r3] L7 A.c3 -> ok (line 99)
[hintbench r3] L7 B.c0 -> ok (line 100)
[hintbench r3] L7 B.c1 -> ok (line 101)
[hintbench r3] L7 B.c2 -> ok (line 102)
[hintbench r3] L7 B.c3 -> ok (line 103)
[hintbench r3] L7 B.c4 -> ok (line 104)
[hintbench r3] L8 A.step1 -> ok (line 105)
[hintbench r3] L8 A.step2 -> ok (line 106)
[hintbench r3] L8 B.step1 -> ok (line 107)
[hintbench r3] L8 B.step2 -> ok (line 108)
[hintbench r3] L9 A -> ok (line 109)
[hintbench r3] L9 B -> ok (line 110)
[hintbench r3] L10 A.fn:hbkernels::k1_step -> ok (line 111)
[hintbench r3] L10 A.fn:hbkernels::k2_mix -> ok (line 112)
[hintbench r3] L10 A.fn:hbkernels::k3_fill_run -> ok (line 113)
[hintbench r3] L10 A.fn:hbkernels::k4_count_bytes -> ok (line 114)
[hintbench r3] L10 A.fn:hbkernels::k5_mul_reduce -> ok (line 115)
[hintbench r3] L10 A.fn:hbkernels::k6_hot_loop -> ok (line 116)
[hintbench r3] L10 A.fn:hbkernels::k7_error_path -> ok (line 117)
[hintbench r3] L10 A.fn:hbkernels::k8_scale_add -> ok (line 118)
[hintbench r3] L10 B.hbkernels::k5_mul_reduce@macros.rs:180 -> ok (line 119)
[hintbench r3] L10 B.hbkernels::k4_count_bytes@macros.rs:18 -> ok (line 120)
[hintbench r3] L10 B.hbkernels::k8_scale_add@range.rs:1103: -> ok (line 121)
[hintbench r3] L10 B.hbkernels::k3_fill_run@lib.rs:174:9#d3 -> ok (line 122)
[hintbench r3] L11 A -> ok (line 123)
[hintbench r3] L11 B -> ok (line 124)
[hintbench r3] L12 A -> ok (line 125)
[hintbench r3] L12 B -> ok (line 126)
[hintbench r3] L13 A -> ok (line 127)
[hintbench r3] L13 B -> ok (line 128)
[hintbench] totals {'requests': 117, 'questions': 556, 'latency_ms': 193689.87933408062, 'max_latency_ms': 2998.3073960029287, 'input_tokens': 1586608, 'output_tokens': 31354, 'cost_usd': 0.0} gateway {'requests': 117, 'attempts': 1163, 'landed': 117, 'exhausted': 0, 'lost_phases': 0, 'lost_rounds': 0, 'seconds_waiting': 3477.0}
phase1 exit 0
