# jev-opt request log, run exp6-both
# ts round phase questions http_status latency_ms input_tokens output_tokens cost_usd
2026-09-23T17:40:33.399682+09:00 r1 A         8 200    923.4   23630    341 0.00000000  (after 1 failed attempt(s): HTTP 503)
#   request 65317 bytes sha256 0b51187b33454725, 2 attempt(s), 2.2 s waited
#   attempt 1 2026-09-23T17:40:29.489518+09:00 http 503 817.3 ms gen gen_01M36PRTXH62EX6KD4RXSBGAYE then sleep 2.2 s
#   attempt 2 2026-09-23T17:40:32.476216+09:00 http 200 923.4 ms gen gen_01M36PRXZB360WYTK2XW0VKG7E
2026-09-23T17:40:34.096503+09:00 r1 A.explore   2 200    695.2    7153     73 0.00000000
2026-09-23T17:40:38.316227+09:00 r1 B         4 200    781.5   14618    571 0.00000000
2026-09-23T17:40:39.007605+09:00 r1 B.explore   2 200    689.4    8121    278 0.00000000
2026-09-23T17:45:57.687155+09:00 r2 A         8 200    992.2   25026    341 0.00000000
2026-09-23T17:45:58.371118+09:00 r2 A.explore   3 200    682.3   10244     99 0.00000000
2026-09-23T17:46:05.422676+09:00 r2 B         3 200    648.1   11939    429 0.00000000  (after 1 failed attempt(s): HTTP 503)
#   request 37708 bytes sha256 e6dddba720d344dc, 2 attempt(s), 2.3 s waited
#   attempt 1 2026-09-23T17:46:01.722155+09:00 http 503 726.0 ms gen gen_01M36Q2ZDV7V0YAE0ZX59MNFEM then sleep 2.3 s
#   attempt 2 2026-09-23T17:46:04.774544+09:00 http 200 648.1 ms gen gen_01M36Q329NYNNS8QNCA8MRAV6K
2026-09-23T17:46:16.431799+09:00 r2 B.explore   2 200    640.4    8391    266 0.00000000  (after 4 failed attempt(s): HTTP 503, HTTP 503, HTTP 503, HTTP 503)
#   request 26255 bytes sha256 5bcc5da3c050835c, 5 attempt(s), 8.0 s waited
#   attempt 1 2026-09-23T17:46:05.424976+09:00 http 503 561.4 ms gen gen_01M36Q32YS1SNN9Q9ACPNQATA7 then sleep 1.8 s
#   attempt 2 2026-09-23T17:46:07.818635+09:00 http 503 551.8 ms gen gen_01M36Q359FTWGQMDBKGPN1A3J4 then sleep 1.6 s
#   attempt 3 2026-09-23T17:46:10.020650+09:00 http 503 610.4 ms gen gen_01M36Q37F6TPQQK1E2CZ8R3AV1 then sleep 2.3 s
#   attempt 4 2026-09-23T17:46:12.901096+09:00 http 503 643.1 ms gen gen_01M36Q3AB0WAS5EFGSV5083FCZ then sleep 2.2 s
#   attempt 5 2026-09-23T17:46:15.791356+09:00 http 200 640.4 ms gen gen_01M36Q3D28AXQEF3K8H0638G2Y
2026-09-23T17:49:07.393851+09:00 r3 A         8 200    820.6   26145    341 0.00000000  (after 3 failed attempt(s): HTTP 503, HTTP 503, HTTP 503)
#   request 71373 bytes sha256 3e3c53d770e6408b, 4 attempt(s), 6.2 s waited
#   attempt 1 2026-09-23T17:48:58.306116+09:00 http 503 827.8 ms gen gen_01M36Q8BZ9DBTZ2JKJ005MPXBM then sleep 1.9 s
#   attempt 2 2026-09-23T17:49:01.022779+09:00 http 503 610.8 ms gen gen_01M36Q8EG2M7FQ6FPA92P4PVAH then sleep 2.3 s
#   attempt 3 2026-09-23T17:49:03.947971+09:00 http 503 588.4 ms gen gen_01M36Q8HA7MDDB0HNXG9CKR18V then sleep 2.0 s
#   attempt 4 2026-09-23T17:49:06.573154+09:00 http 200 820.6 ms gen gen_01M36Q8KX2JMEPFM20NP7YSMKH
2026-09-23T17:49:08.073193+09:00 r3 A.explore   3 200    677.5   10259     99 0.00000000
2026-09-23T17:49:15.050916+09:00 r3 B         3 200    811.0   12719    432 0.00000000  (after 1 failed attempt(s): HTTP 503)
#   request 39157 bytes sha256 72aaa73d96bb0313, 2 attempt(s), 2.2 s waited
#   attempt 1 2026-09-23T17:49:11.394334+09:00 http 503 690.0 ms gen gen_01M36Q8RPNR9W0GTRZMG0A46JV then sleep 2.2 s
#   attempt 2 2026-09-23T17:49:14.239833+09:00 http 200 811.0 ms gen gen_01M36Q8VFDW0DB7RJHGG3HC47P
2026-09-23T17:49:15.712233+09:00 r3 B.explore   1 200    659.7    5748    130 0.00000000
2026-09-23T17:54:59.191329+09:00 r4 A         8 200   1080.5   27264    341 0.00000000  (after 2 failed attempt(s): HTTP 503, HTTP 503)
#   request 74011 bytes sha256 65c9e05947e5dc73, 3 attempt(s), 4.0 s waited
#   attempt 1 2026-09-23T17:54:52.501221+09:00 http 503 1006.9 ms gen gen_01M36QK5W7VJX6HHKKP0PEHD98 then sleep 1.7 s
#   attempt 2 2026-09-23T17:54:55.240643+09:00 http 503 614.3 ms gen gen_01M36QK8CWG2CFGJM84C1G8AQZ then sleep 2.3 s
#   attempt 3 2026-09-23T17:54:58.110777+09:00 http 200 1080.5 ms gen gen_01M36QKBDN19P8K42P4MZVP6C1
2026-09-23T17:54:59.672138+09:00 r4 A.explore   1 200    479.7    4561     29 0.00000000
2026-09-23T17:55:06.249243+09:00 r4 B         3 200    838.7   13242    432 0.00000000  (after 1 failed attempt(s): HTTP 503)
#   request 40557 bytes sha256 79a204badde8a846, 2 attempt(s), 1.8 s waited
#   attempt 1 2026-09-23T17:55:02.982524+09:00 http 503 609.4 ms gen gen_01M36QKFXKDBQJN86GSW2XDK4Q then sleep 1.8 s
#   attempt 2 2026-09-23T17:55:05.410495+09:00 http 200 838.7 ms gen gen_01M36QKJEPHT8RTSTTSP5H34M5
2026-09-23T17:55:06.965243+09:00 r4 B.explore   1 200    714.3    5665    128 0.00000000
2026-09-23T18:00:19.947145+09:00 r5 A         8 200   1005.0   28107    341 0.00000000  (after 3 failed attempt(s): HTTP 503, HTTP 503, HTTP 503)
#   request 75972 bytes sha256 083ac46fde610e16, 4 attempt(s), 5.8 s waited
#   attempt 1 2026-09-23T18:00:10.398354+09:00 http 503 999.9 ms gen gen_01M36QWWEWMHT59W1DSQ41RFAB then sleep 2.2 s
#   attempt 2 2026-09-23T18:00:13.575491+09:00 http 503 969.4 ms gen gen_01M36QWZJGY1RR25BT0WS60MRW then sleep 1.7 s
#   attempt 3 2026-09-23T18:00:16.245077+09:00 http 503 745.6 ms gen gen_01M36QX1Y939CN0CHVPMAJYR3J then sleep 2.0 s
#   attempt 4 2026-09-23T18:00:18.942100+09:00 http 200 1005.0 ms gen gen_01M36QX4MAV2GKH7NPMQ42R85A
2026-09-23T18:00:20.568407+09:00 r5 A.explore   1 200    620.2    5245     29 0.00000000
2026-09-23T18:00:33.173416+09:00 r5 B         3 200    849.0   13561    433 0.00000000  (after 3 failed attempt(s): HTTP 503, HTTP 503, HTTP 503)
#   request 41992 bytes sha256 707b575f44f32c16, 4 attempt(s), 6.3 s waited
#   attempt 1 2026-09-23T18:00:23.874486+09:00 http 503 744.6 ms gen gen_01M36QX9ETYTJ5826B8CJCH9V2 then sleep 1.7 s
#   attempt 2 2026-09-23T18:00:26.313145+09:00 http 503 690.9 ms gen gen_01M36QXBT1CCYSW0HBNGKZ4GET then sleep 2.4 s
#   attempt 3 2026-09-23T18:00:29.380387+09:00 http 503 760.3 ms gen gen_01M36QXETFBJ2TP6M3A8Z47YDC then sleep 2.2 s
#   attempt 4 2026-09-23T18:00:32.324384+09:00 http 200 849.0 ms gen gen_01M36QXHPA0PWX3RDJVT2MKSKS

# totals for run exp6-both
# http requests      19
# choice questions   72
# latency total/avg/max ms  14608.6 / 768.9 / 1080.5
# tokens in/out      261638 / 5133
# cost usd           0.00000000
# wall clock of the run s   1659.9
# jev share of the run      0.8801%
