# jev-opt request log, run jev-r5
# ts round phase questions http_status latency_ms input_tokens output_tokens cost_usd
2026-09-22T07:13:23.297934+09:00 r1 A        15 200   1698.7   35522   1163 0.00000000
2026-09-22T07:14:14.179582+09:00 r1 B        16 503   1045.2       0      0 0.00000000  ERROR HTTP 503
2026-09-22T07:18:35.329415+09:00 r2 A        15 200   1316.3   35681   1163 0.00000000  (after 2 failed attempt(s): HTTP 503, HTTP 503)
2026-09-22T07:19:25.363432+09:00 r2 B        16 503    945.0       0      0 0.00000000  ERROR HTTP 503
2026-09-22T07:23:37.833023+09:00 r3 A        15 200   1857.5   36000   1163 0.00000000
2026-09-22T07:24:20.967842+09:00 r3 B        16 200   1610.2   38588   2425 0.00000000
2026-09-22T07:28:40.673838+09:00 r4 A        15 200   1562.3   36319   1163 0.00000000  (after 2 failed attempt(s): HTTP 503, HTTP 503)
2026-09-22T07:29:31.033435+09:00 r4 B        16 200   1398.2   38926   2425 0.00000000  (after 2 failed attempt(s): HTTP 503, HTTP 503)
2026-09-22T07:33:50.639732+09:00 r5 A        15 200   1232.4   36638   1163 0.00000000  (after 2 failed attempt(s): HTTP 503, HTTP 503)
2026-09-22T07:34:41.375144+09:00 r5 B        16 503   1129.7       0      0 0.00000000  ERROR HTTP 503

# totals for run jev-r5
# http requests      10
# choice questions   155
# latency total/avg/max ms  13795.7 / 1379.6 / 1857.5
# tokens in/out      257674 / 10665
# cost usd           0.00000000
# wall clock of the run s   1786.9
# jev share of the run      0.7720%
