# jev-opt request log, run jev-v4-r5
# ts round phase questions http_status latency_ms input_tokens output_tokens cost_usd
2026-09-22T20:55:50.216100+09:00 r1 A         8 503    799.7       0      0 0.00000000  ERROR HTTP 503
2026-09-22T20:56:09.942686+09:00 r1 A.retry   8 200   1267.7   25928    581 0.00000000  (after 2 failed attempt(s): HTTP 503, HTTP 503)
2026-09-22T20:56:15.004376+09:00 r1 B         4 200   1788.1   13363    620 0.00000000
2026-09-22T21:01:32.507342+09:00 r2 A         8 503   1459.7       0      0 0.00000000  ERROR HTTP 503
2026-09-22T21:01:43.803435+09:00 r2 A.retry   8 200   1291.9   26658    581 0.00000000
2026-09-22T21:01:51.382267+09:00 r2 B         4 200   1247.1   13880    611 0.00000000  (after 1 failed attempt(s): HTTP 503)
2026-09-22T21:06:50.996830+09:00 r3 A         8 200   2139.4   27349    581 0.00000000
2026-09-22T21:06:56.228751+09:00 r3 B         4 200   1958.8   14285    611 0.00000000
2026-09-22T21:11:56.393010+09:00 r4 A         8 200   3541.2   28016    581 0.00000000
2026-09-22T21:12:09.533121+09:00 r4 B         4 200   1530.9   14678    611 0.00000000  (after 2 failed attempt(s): HTTP 503, HTTP 503)
2026-09-22T21:17:11.467308+09:00 r5 A         8 200   1602.5   28683    581 0.00000000  (after 1 failed attempt(s): HTTP 503)
2026-09-22T21:17:16.097519+09:00 r5 B         4 200   1233.3   15071    611 0.00000000

# totals for run jev-v4-r5
# http requests      12
# choice questions   76
# latency total/avg/max ms  19860.2 / 1655.0 / 3541.2
# tokens in/out      207911 / 5969
# cost usd           0.00000000
# wall clock of the run s   1739.5
# jev share of the run      1.1417%
