# jev-opt request log, run zopfli-jev-r2
# ts round phase questions http_status latency_ms input_tokens output_tokens cost_usd
2026-09-24T10:07:15.646381+09:00 r1 A         6 200   2016.5   19249    258 0.00000000  (after 12 failed attempt(s): HTTP 503, HTTP 503, HTTP 503, HTTP 503, HTTP 503, HTTP 503, HTTP 503, HTTP 503, HTTP 503, HTTP 503, HTTP 503, HTTP 503)
#   request 54552 bytes sha256 a7739345114ea9d9, 13 attempt(s), 23.7 s waited
#   attempt 1 2026-09-24T10:06:27.464168+09:00 http 503 2590.9 ms gen gen_01M38F67DQXEF6YT3FTP4BBZV4 then sleep 1.8 s
#   attempt 2 2026-09-24T10:06:31.805295+09:00 http 503 1643.8 ms gen gen_01M38F6BFZKXPR7XEM1Y0472ZD then sleep 2.3 s
#   attempt 3 2026-09-24T10:06:35.702614+09:00 http 503 1671.8 ms gen gen_01M38F6FA5ZYKMSJRK87289PFM then sleep 2.0 s
#   attempt 4 2026-09-24T10:06:39.330605+09:00 http 503 1847.5 ms gen gen_01M38F6K10N1VDQTCCRXA6PJ3V then sleep 2.3 s
#   attempt 5 2026-09-24T10:06:43.448563+09:00 http 503 1838.0 ms gen gen_01M38F6Q6D5YNW6SZYJCPPY26K then sleep 1.8 s
#   attempt 6 2026-09-24T10:06:47.121350+09:00 http 503 1806.2 ms gen gen_01M38F6TKTYKWGTAVRXPSMCJ0R then sleep 2.2 s
#   attempt 7 2026-09-24T10:06:51.103536+09:00 http 503 1900.3 ms gen gen_01M38F6YHGRWRGASD3H1EMVJFK then sleep 1.7 s
#   attempt 8 2026-09-24T10:06:54.739645+09:00 http 503 1840.1 ms gen gen_01M38F726WKP75MZ2NG3X5409V then sleep 1.8 s
#   attempt 9 2026-09-24T10:06:58.396735+09:00 http 503 1686.3 ms gen gen_01M38F75G4G2QQ1GPSWHM5JNR7 then sleep 2.1 s
#   attempt 10 2026-09-24T10:07:02.181177+09:00 http 503 1847.6 ms gen gen_01M38F79AT5CQ5RGRK0DK8GBH4 then sleep 1.7 s
#   attempt 11 2026-09-24T10:07:05.688179+09:00 http 503 1799.8 ms gen gen_01M38F7CR05VV0X42WTBQEHXY3 then sleep 1.8 s
#   attempt 12 2026-09-24T10:07:09.262629+09:00 http 503 1974.4 ms gen gen_01M38F7G82BHRXKVM72S8GNN0M then sleep 2.4 s
#   attempt 13 2026-09-24T10:07:13.630695+09:00 http 200 2016.5 ms gen gen_01M38F7MG9RK38J5Q3DCYCV8W8
2026-09-24T10:07:17.085063+09:00 r1 A.explore   2 200   1436.8    7621     73 0.00000000
2026-09-24T10:07:23.497926+09:00 r1 B         1 200   1430.3    4260    154 0.00000000
2026-09-24T10:16:49.205618+09:00 r2 A         6 200   2106.8   20113    256 0.00000000  (after 7 failed attempt(s): HTTP 503, HTTP 503, HTTP 503, HTTP 503, HTTP 503, HTTP 503, HTTP 503)
#   request 57293 bytes sha256 a339c92f7e7b9d71, 8 attempt(s), 13.8 s waited
#   attempt 1 2026-09-24T10:16:19.942982+09:00 http 503 2324.2 ms gen gen_01M38FRA8MQRAJTQYSM5DGMQ2T then sleep 1.9 s
#   attempt 2 2026-09-24T10:16:24.184256+09:00 http 503 1871.9 ms gen gen_01M38FRE5MFAK5N945JN3B69X7 then sleep 1.6 s
#   attempt 3 2026-09-24T10:16:27.659143+09:00 http 503 1881.6 ms gen gen_01M38FRHG6ZSYK5ZW9HNCMESBH then sleep 2.2 s
#   attempt 4 2026-09-24T10:16:31.710333+09:00 http 503 1959.8 ms gen gen_01M38FRNB1EA1JYPGGCY0EDNZV then sleep 2.1 s
#   attempt 5 2026-09-24T10:16:35.739870+09:00 http 503 1587.9 ms gen gen_01M38FRSFF61AWJ1WASAHQ97N2 then sleep 2.0 s
#   attempt 6 2026-09-24T10:16:39.364832+09:00 http 503 1908.6 ms gen gen_01M38FRWZW7837KBHH1C6GCNXA then sleep 2.1 s
#   attempt 7 2026-09-24T10:16:43.340164+09:00 http 503 1871.2 ms gen gen_01M38FS0VQ8JWVZHJ52ZMXJ1N5 then sleep 1.9 s
#   attempt 8 2026-09-24T10:16:47.098720+09:00 http 200 2106.8 ms gen gen_01M38FS4JTZR9FKRN7G876RF3Q
2026-09-24T10:16:50.446437+09:00 r2 A.explore   1 200   1239.6    4403     38 0.00000000
2026-09-24T10:17:08.517425+09:00 r2 B         4 200   2538.9   13114    607 0.00000000  (after 3 failed attempt(s): HTTP 503, HTTP 503, HTTP 503)
#   request 43350 bytes sha256 fbe894d3748eb0b6, 4 attempt(s), 5.6 s waited
#   attempt 1 2026-09-24T10:16:55.120652+09:00 http 503 1915.0 ms gen gen_01M38FSCCM91BP9WTQXMFE5YT1 then sleep 1.7 s
#   attempt 2 2026-09-24T10:16:58.705948+09:00 http 503 1489.6 ms gen gen_01M38FSFT74N9CMC6KBGADWFY1 then sleep 1.8 s
#   attempt 3 2026-09-24T10:17:01.975279+09:00 http 503 1844.7 ms gen gen_01M38FSK1PZWVD2AQT4DFTEV0K then sleep 2.2 s
#   attempt 4 2026-09-24T10:17:05.978441+09:00 http 200 2538.9 ms gen gen_01M38FSPXKWFKJA1J7Y56K5Q82
2026-09-24T10:17:09.972083+09:00 r2 B.explore   2 200   1452.5    7465    293 0.00000000
2026-09-24T10:26:58.169705+09:00 r3 A         6 200   2074.4   20421    255 0.00000000  (after 12 failed attempt(s): HTTP 503, HTTP 503, HTTP 503, HTTP 503, HTTP 503, HTTP 503, HTTP 503, HTTP 503, HTTP 503, HTTP 503, HTTP 503, HTTP 503)
#   request 58163 bytes sha256 47349ffc14030aea, 13 attempt(s), 23.8 s waited
#   attempt 1 2026-09-24T10:26:08.998002+09:00 http 503 1837.6 ms gen gen_01M38GA9580N2SADDHWGPZVDRM then sleep 2.0 s
#   attempt 2 2026-09-24T10:26:12.799981+09:00 http 503 1902.2 ms gen gen_01M38GAD406J9YM04ZWGAYYTR6 then sleep 2.3 s
#   attempt 3 2026-09-24T10:26:16.994428+09:00 http 503 1671.6 ms gen gen_01M38GAGWSRNTYD4N4392ES6QH then sleep 2.3 s
#   attempt 4 2026-09-24T10:26:20.924460+09:00 http 503 2019.9 ms gen gen_01M38GAMYGFBAK6ARCJVDH5KCD then sleep 1.8 s
#   attempt 5 2026-09-24T10:26:24.790878+09:00 http 503 1933.3 ms gen gen_01M38GARQPGTG6ZQBBW70APR7M then sleep 2.3 s
#   attempt 6 2026-09-24T10:26:29.042120+09:00 http 503 1833.0 ms gen gen_01M38GAWT6N99AX5ZXNVH5WYSW then sleep 1.7 s
#   attempt 7 2026-09-24T10:26:32.622537+09:00 http 503 1829.6 ms gen gen_01M38GB04X6DGRVBTFXZ47RYXB then sleep 2.1 s
#   attempt 8 2026-09-24T10:26:36.549849+09:00 http 503 1645.0 ms gen gen_01M38GB42K3SNTZJKVWFQ73FQS then sleep 2.0 s
#   attempt 9 2026-09-24T10:26:40.165420+09:00 http 503 1800.3 ms gen gen_01M38GB7JRQT7G2QEZ4EXRF4VA then sleep 2.0 s
#   attempt 10 2026-09-24T10:26:44.001823+09:00 http 503 2714.6 ms gen gen_01M38GBCA1H5YT9QYZ97EKBMHD then sleep 1.6 s
#   attempt 11 2026-09-24T10:26:48.348969+09:00 http 503 1924.8 ms gen gen_01M38GBFQJS3KGNY42E7B88M76 then sleep 2.0 s
#   attempt 12 2026-09-24T10:26:52.285727+09:00 http 503 2151.3 ms gen gen_01M38GBKG1TDVCD4KB525YP7MQ then sleep 1.7 s
#   attempt 13 2026-09-24T10:26:56.095210+09:00 http 200 2074.4 ms gen gen_01M38GBQ8F9HWB6GEGVV63M9HK
2026-09-24T10:27:13.152525+09:00 r3 B         5 200   2053.1   16435    758 0.00000000  (after 2 failed attempt(s): HTTP 503, HTTP 503)
#   request 54313 bytes sha256 61902f2f126ee475, 3 attempt(s), 4.1 s waited
#   attempt 1 2026-09-24T10:27:02.915123+09:00 http 503 2016.8 ms gen gen_01M38GBXYJ5CG2FP3X15C088HF then sleep 2.1 s
#   attempt 2 2026-09-24T10:27:07.037100+09:00 http 503 2064.3 ms gen gen_01M38GC1T3HZVR79JHZEJDGXXZ then sleep 2.0 s
#   attempt 3 2026-09-24T10:27:11.099314+09:00 http 200 2053.1 ms gen gen_01M38GC5S9Q956GR21YSMD564J
2026-09-24T10:27:15.676409+09:00 r3 B.explore   1 200   2523.2    4795    147 0.00000000
2026-09-24T10:32:55.978078+09:00 r4 A         6 200   3047.1   20622    255 0.00000000  (after 15 failed attempt(s): HTTP 503, HTTP 503, HTTP 503, HTTP 503, HTTP 503, HTTP 503, HTTP 503, HTTP 503, HTTP 503, HTTP 503, HTTP 503, HTTP 503, HTTP 503, HTTP 503, HTTP 503)
#   request 58680 bytes sha256 ecc1a6b853c1bed6, 16 attempt(s), 29.4 s waited
#   attempt 1 2026-09-24T10:31:53.855004+09:00 http 503 2325.6 ms gen gen_01M38GMSZPPP0PZFJBKQ1PDVSE then sleep 1.9 s
#   attempt 2 2026-09-24T10:31:58.117297+09:00 http 503 2055.8 ms gen gen_01M38GMYBRJ98S793SN58B1VC3 then sleep 2.3 s
#   attempt 3 2026-09-24T10:32:02.428779+09:00 http 503 1861.6 ms gen gen_01M38GN2B2PV2MK7ZCW32Y2GGK then sleep 1.6 s
#   attempt 4 2026-09-24T10:32:05.908565+09:00 http 503 1882.5 ms gen gen_01M38GN5R2S4T40YSX615B8J2C then sleep 2.2 s
#   attempt 5 2026-09-24T10:32:10.013070+09:00 http 503 1584.6 ms gen gen_01M38GN9MZFV09TQNH77TTMFWF then sleep 1.9 s
#   attempt 6 2026-09-24T10:32:13.467947+09:00 http 503 1732.3 ms gen gen_01M38GND0TV9MAJA56ENP2VZXW then sleep 2.3 s
#   attempt 7 2026-09-24T10:32:17.453800+09:00 http 503 1841.4 ms gen gen_01M38GNGZFJ1Z1HYCEH2Q24M8W then sleep 1.6 s
#   attempt 8 2026-09-24T10:32:20.916344+09:00 http 503 1989.8 ms gen gen_01M38GNMGQ7HK18TJTWAPZB2KM then sleep 2.2 s
#   attempt 9 2026-09-24T10:32:25.123688+09:00 http 503 1870.1 ms gen gen_01M38GNRHNJDMSQE6D9AK7NYBN then sleep 2.3 s
#   attempt 10 2026-09-24T10:32:29.262604+09:00 http 503 1902.1 ms gen gen_01M38GNWJTR5GS85Y866WS2RA7 then sleep 2.0 s
#   attempt 11 2026-09-24T10:32:33.128738+09:00 http 503 2736.8 ms gen gen_01M38GP07HA14S1VC8ZBR3HMDV then sleep 2.3 s
#   attempt 12 2026-09-24T10:32:38.167078+09:00 http 503 2075.2 ms gen gen_01M38GP5D9VHRM5SRKPN9JYZR9 then sleep 1.8 s
#   attempt 13 2026-09-24T10:32:42.068871+09:00 http 503 1827.9 ms gen gen_01M38GP91YR1W35S3HVP2EGXJX then sleep 1.6 s
#   attempt 14 2026-09-24T10:32:45.498746+09:00 http 503 1685.0 ms gen gen_01M38GPC8CZPT1FJ96Q55G8EV4 then sleep 1.7 s
#   attempt 15 2026-09-24T10:32:48.891060+09:00 http 503 2324.2 ms gen gen_01M38GPFZVBEX8VRM0ZY457991 then sleep 1.7 s
#   attempt 16 2026-09-24T10:32:52.930878+09:00 http 200 3047.1 ms gen gen_01M38GPKNWW8NCJFXBP76AZY62
2026-09-24T10:34:04.817770+09:00 r4 B         5 200   2316.5   16723    758 0.00000000  (after 15 failed attempt(s): HTTP 503, HTTP 503, HTTP 503, HTTP 503, HTTP 503, HTTP 503, HTTP 503, HTTP 503, HTTP 503, HTTP 503, HTTP 503, HTTP 503, HTTP 503, HTTP 503, HTTP 503)
#   request 55107 bytes sha256 329de87bc2478133, 16 attempt(s), 31.5 s waited
#   attempt 1 2026-09-24T10:33:00.712755+09:00 http 503 2024.4 ms gen gen_01M38GPV9V2K0TTAB8WDEVCAYT then sleep 2.2 s
#   attempt 2 2026-09-24T10:33:04.938560+09:00 http 503 1718.3 ms gen gen_01M38GPZ89YSHCPATAWCN46N45 then sleep 1.8 s
#   attempt 3 2026-09-24T10:33:08.419575+09:00 http 503 1834.8 ms gen gen_01M38GQ2STNXFA7J6G5S0VDF7V then sleep 2.2 s
#   attempt 4 2026-09-24T10:33:12.453119+09:00 http 503 1682.0 ms gen gen_01M38GQ6HF6J230W2D99REP1H9 then sleep 2.3 s
#   attempt 5 2026-09-24T10:33:16.432842+09:00 http 503 1931.6 ms gen gen_01M38GQAFH3445D4KEZMQMWFBM then sleep 2.4 s
#   attempt 6 2026-09-24T10:33:20.714850+09:00 http 503 2712.5 ms gen gen_01M38GQFM4D37HCE40A7NBV9D3 then sleep 2.1 s
#   attempt 7 2026-09-24T10:33:25.516127+09:00 http 503 1718.8 ms gen gen_01M38GQKCAV9SJ1NNKET34HC2W then sleep 2.2 s
#   attempt 8 2026-09-24T10:33:29.453517+09:00 http 503 1865.5 ms gen gen_01M38GQQBE3DXT8TQZMMJ70DAV then sleep 1.9 s
#   attempt 9 2026-09-24T10:33:33.185641+09:00 http 503 1895.2 ms gen gen_01M38GQV1JYXDZ8RJRKM9RJ61Y then sleep 1.9 s
#   attempt 10 2026-09-24T10:33:37.003662+09:00 http 503 1687.2 ms gen gen_01M38GQYJK8BMC9WH8MD02Y1QK then sleep 2.0 s
#   attempt 11 2026-09-24T10:33:40.647386+09:00 http 503 1891.4 ms gen gen_01M38GR29P0YQ6MMYNN4GB112V then sleep 2.0 s
#   attempt 12 2026-09-24T10:33:44.556644+09:00 http 503 3149.6 ms gen gen_01M38GR7BM7JR2GNK80ZRF4BK3 then sleep 2.3 s
#   attempt 13 2026-09-24T10:33:50.036123+09:00 http 503 2482.9 ms gen gen_01M38GRC15PXYY6AH0258BC3B8 then sleep 2.3 s
#   attempt 14 2026-09-24T10:33:54.839479+09:00 http 503 1733.6 ms gen gen_01M38GRFZV1JJV1D6AZTYMVQJ9 then sleep 1.7 s
#   attempt 15 2026-09-24T10:33:58.318691+09:00 http 503 1910.5 ms gen gen_01M38GRKJMRFA1KEEHQ4RBNHVB then sleep 2.3 s
#   attempt 16 2026-09-24T10:34:02.501205+09:00 http 200 2316.5 ms gen gen_01M38GRQS4PJ7MG3RBSKDN6VE9
2026-09-24T10:43:56.760086+09:00 r5 A         6 200   1840.3   20823    255 0.00000000  (after 14 failed attempt(s): HTTP 503, HTTP 503, HTTP 503, HTTP 503, HTTP 503, HTTP 503, HTTP 503, HTTP 503, HTTP 503, HTTP 503, HTTP 503, HTTP 503, HTTP 503, HTTP 503)
#   request 59200 bytes sha256 d46a98b132a38068, 15 attempt(s), 27.5 s waited
#   attempt 1 2026-09-24T10:42:58.080573+09:00 http 503 2161.9 ms gen gen_01M38H92ERBKX9YS41DZ5DPC4M then sleep 2.0 s
#   attempt 2 2026-09-24T10:43:02.212794+09:00 http 503 1871.7 ms gen gen_01M38H96QAFY7SMEW68R5FTT7J then sleep 1.7 s
#   attempt 3 2026-09-24T10:43:05.817171+09:00 http 503 1920.2 ms gen gen_01M38H9A6K04V5DRYDRX5684YM then sleep 1.9 s
#   attempt 4 2026-09-24T10:43:09.659243+09:00 http 503 2011.1 ms gen gen_01M38H9DTTA0VXFQ4F6NJDWNH7 then sleep 2.1 s
#   attempt 5 2026-09-24T10:43:13.787105+09:00 http 503 1915.8 ms gen gen_01M38H9J07J5J5WGCJHYEXHAGD then sleep 1.9 s
#   attempt 6 2026-09-24T10:43:17.619170+09:00 http 503 2985.0 ms gen gen_01M38H9PRSHVGHW8QNZ2MKA3GW then sleep 1.9 s
#   attempt 7 2026-09-24T10:43:22.536593+09:00 http 503 1768.0 ms gen gen_01M38H9TCP75HKXKFHACQ56K4G then sleep 1.8 s
#   attempt 8 2026-09-24T10:43:26.133555+09:00 http 503 2358.6 ms gen gen_01M38H9YB8AQE48P3ZGJEK939Y then sleep 2.2 s
#   attempt 9 2026-09-24T10:43:30.712247+09:00 http 503 1645.1 ms gen gen_01M38HA2A7EEDP8Y7APQTG7ZEV then sleep 1.6 s
#   attempt 10 2026-09-24T10:43:34.002927+09:00 http 503 2273.2 ms gen gen_01M38HA608QP9RR3GF8KM42EKX then sleep 1.7 s
#   attempt 11 2026-09-24T10:43:37.952338+09:00 http 503 2028.0 ms gen gen_01M38HA9D2FPA8PPN7DMK6YVCK then sleep 2.2 s
#   attempt 12 2026-09-24T10:43:42.188199+09:00 http 503 1813.8 ms gen gen_01M38HADP1NHFR55129RRVRQXC then sleep 2.0 s
#   attempt 13 2026-09-24T10:43:45.964218+09:00 http 503 2865.7 ms gen gen_01M38HAJAB263TBJEWPSM5PAMF then sleep 2.1 s
#   attempt 14 2026-09-24T10:43:50.944668+09:00 http 503 1724.6 ms gen gen_01M38HAP466K97G6XN0RDP46HE then sleep 2.2 s
#   attempt 15 2026-09-24T10:43:54.919674+09:00 http 200 1840.3 ms gen gen_01M38HASZ6KWJRDMJFSJMX26BR
2026-09-24T10:46:37.792532+09:00 r5 B         5 200   1820.4   16904    758 0.00000000  (after 40 failed attempt(s): HTTP 503, HTTP 503, HTTP 503, HTTP 503, HTTP 503, HTTP 503, HTTP 503, HTTP 503, HTTP 503, HTTP 503, HTTP 503, HTTP 503, HTTP 503, HTTP 503, HTTP 503, HTTP 503, HTTP 503, HTTP 503, HTTP 503, HTTP 503, HTTP 503, HTTP 503, HTTP 503, HTTP 503, HTTP 503, HTTP 503, HTTP 503, HTTP 503, HTTP 503, HTTP 503, HTTP 503, HTTP 503, HTTP 503, HTTP 503, HTTP 503, HTTP 503, HTTP 503, HTTP 503, HTTP 503, HTTP 503)
#   request 55557 bytes sha256 8ce5aa6f8651f387, 41 attempt(s), 79.5 s waited
#   attempt 1 2026-09-24T10:44:01.515025+09:00 http 503 2042.9 ms gen gen_01M38HB0KH2HFTWQ5G7TZ97NTN then sleep 2.2 s
#   attempt 2 2026-09-24T10:44:05.764612+09:00 http 503 1721.7 ms gen gen_01M38HB4K3F3P0RAPW602GDHTJ then sleep 2.1 s
#   attempt 3 2026-09-24T10:44:09.607086+09:00 http 503 2319.6 ms gen gen_01M38HB8ASP726B792H0AVFJD4 then sleep 2.2 s
#   attempt 4 2026-09-24T10:44:14.148767+09:00 http 503 1991.6 ms gen gen_01M38HBD119C1W4S9206KC73FY then sleep 1.7 s
#   attempt 5 2026-09-24T10:44:17.886647+09:00 http 503 3208.8 ms gen gen_01M38HBHXZH74K4014007FA0F7 then sleep 1.8 s
#   attempt 6 2026-09-24T10:44:22.934035+09:00 http 503 1846.8 ms gen gen_01M38HBNGGG7SXE9S3M1AMA9T2 then sleep 2.4 s
#   attempt 7 2026-09-24T10:44:27.171133+09:00 http 503 1876.6 ms gen gen_01M38HBSN7VKP2WYXV72Y9EWVF then sleep 2.1 s
#   attempt 8 2026-09-24T10:44:31.141332+09:00 http 503 1663.4 ms gen gen_01M38HBXBVJM0V8T5TRYPG452E then sleep 2.3 s
#   attempt 9 2026-09-24T10:44:35.092428+09:00 http 503 1859.0 ms gen gen_01M38HC1DQMRXATRKAAQYTVNCH then sleep 1.9 s
#   attempt 10 2026-09-24T10:44:38.882269+09:00 http 503 1861.2 ms gen gen_01M38HC52BX0QK7WJY4RQ864Y2 then sleep 1.7 s
#   attempt 11 2026-09-24T10:44:42.445672+09:00 http 503 1724.3 ms gen gen_01M38HC8ES7XNCB5B3MT53MPSR then sleep 2.0 s
#   attempt 12 2026-09-24T10:44:46.121321+09:00 http 503 2034.4 ms gen gen_01M38HCCB5DX4D0S94F7B48X0G then sleep 1.8 s
#   attempt 13 2026-09-24T10:44:49.935045+09:00 http 503 2687.2 ms gen gen_01M38HCGNVW3RNDB48GPQYQZ4X then sleep 2.3 s
#   attempt 14 2026-09-24T10:44:54.905207+09:00 http 503 2055.6 ms gen gen_01M38HCMPZJHFVR98FJ2WVQFWZ then sleep 1.9 s
#   attempt 15 2026-09-24T10:44:58.820691+09:00 http 503 1664.8 ms gen gen_01M38HCRCB5QAT10EH58VN3877 then sleep 1.8 s
#   attempt 16 2026-09-24T10:45:02.326756+09:00 http 503 1995.6 ms gen gen_01M38HCVYQRXSPKQ4E4EPD0NBX then sleep 2.1 s
#   attempt 17 2026-09-24T10:45:06.472723+09:00 http 503 1668.4 ms gen gen_01M38HCZVJRGG4PJ2W3BE1QQKX then sleep 1.6 s
#   attempt 18 2026-09-24T10:45:09.764183+09:00 http 503 1848.6 ms gen gen_01M38HD36DD2SZZH80HFYX940V then sleep 1.6 s
#   attempt 19 2026-09-24T10:45:13.220816+09:00 http 503 1660.3 ms gen gen_01M38HD6DKD09G5V0X5K5WAQYT then sleep 2.0 s
#   attempt 20 2026-09-24T10:45:16.843049+09:00 http 503 1789.9 ms gen gen_01M38HDA41MDJE5C046S4PMYEB then sleep 2.2 s
#   attempt 21 2026-09-24T10:45:20.836118+09:00 http 503 1789.0 ms gen gen_01M38HDDXTRC105BJSC9ZN7DTM then sleep 1.7 s
#   attempt 22 2026-09-24T10:45:24.373877+09:00 http 503 1862.2 ms gen gen_01M38HDHFZDA13WAS4QCFKSED2 then sleep 2.1 s
#   attempt 23 2026-09-24T10:45:28.288398+09:00 http 503 1877.5 ms gen gen_01M38HDNAT3S1BE8HGX1CZRP2C then sleep 1.8 s
#   attempt 24 2026-09-24T10:45:32.006730+09:00 http 503 1695.3 ms gen gen_01M38HDS19GEGAFSKS6J2P6RFB then sleep 2.2 s
#   attempt 25 2026-09-24T10:45:35.921789+09:00 http 503 1861.3 ms gen gen_01M38HDWQS8EPGJAKAQARGPT8X then sleep 1.9 s
#   attempt 26 2026-09-24T10:45:39.650635+09:00 http 503 1827.4 ms gen gen_01M38HE0DCTP36VER35Q6QAXKV then sleep 2.1 s
#   attempt 27 2026-09-24T10:45:43.542695+09:00 http 503 1913.4 ms gen gen_01M38HE472WZGVK8X51WJ7EDDV then sleep 2.0 s
#   attempt 28 2026-09-24T10:45:47.446386+09:00 http 503 1780.5 ms gen gen_01M38HE7YVNY6TJ0MRJEFCVXFF then sleep 1.9 s
#   attempt 29 2026-09-24T10:45:51.096486+09:00 http 503 1820.1 ms gen gen_01M38HEBJPWECVE53RE3FDBRDM then sleep 2.3 s
#   attempt 30 2026-09-24T10:45:55.195168+09:00 http 503 1815.1 ms gen gen_01M38HEFJH110ESTXBHEAT0WYA then sleep 2.3 s
#   attempt 31 2026-09-24T10:45:59.327419+09:00 http 503 1685.1 ms gen gen_01M38HEKKS8KXG202ENMJQY3QA then sleep 2.2 s
#   attempt 32 2026-09-24T10:46:03.260007+09:00 http 503 1796.6 ms gen gen_01M38HEQ8MP50PDFKXDJWXVP2R then sleep 1.8 s
#   attempt 33 2026-09-24T10:46:06.825129+09:00 http 503 1617.4 ms gen gen_01M38HETRCJNWXS1SCTPA6TQ4R then sleep 1.9 s
#   attempt 34 2026-09-24T10:46:10.340142+09:00 http 503 1813.4 ms gen gen_01M38HEYBRYEB5XMWVZKAXR888 then sleep 1.6 s
#   attempt 35 2026-09-24T10:46:13.778821+09:00 http 503 1627.9 ms gen gen_01M38HF1JKKMMEAVG7B8GPG50C then sleep 1.7 s
#   attempt 36 2026-09-24T10:46:17.134767+09:00 http 503 1808.4 ms gen gen_01M38HF4ZV3MPFAAX7SPNWCQ7R then sleep 2.2 s
#   attempt 37 2026-09-24T10:46:21.117229+09:00 http 503 1878.1 ms gen gen_01M38HF8WPBFJ952NJX4ARWEC6 then sleep 2.3 s
#   attempt 38 2026-09-24T10:46:25.247991+09:00 http 503 1755.7 ms gen gen_01M38HFCTZ06EN5DGG280031C9 then sleep 2.0 s
#   attempt 39 2026-09-24T10:46:28.957671+09:00 http 503 1491.4 ms gen gen_01M38HFGBF51BN5BDZ8FQBAERH then sleep 1.7 s
#   attempt 40 2026-09-24T10:46:32.107198+09:00 http 503 1709.7 ms gen gen_01M38HFKEZWFGDKWTFJBMEKNYV then sleep 2.2 s
#   attempt 41 2026-09-24T10:46:35.972063+09:00 http 200 1820.4 ms gen gen_01M38HFQ8BW0D3C82S5GEK75WD

# totals for run zopfli-jev-r2
# http requests      14
# choice questions   56
# latency total/avg/max ms  27896.4 / 1992.6 / 3047.1
# tokens in/out      192948 / 4865
# cost usd           0.00000000
# wall clock of the run s   3319.3
# jev share of the run      0.8404%
