# jev-opt request log, run zopfli-jev-r0
# ts round phase questions http_status latency_ms input_tokens output_tokens cost_usd
2026-09-24T06:37:40.259912+09:00 r1 A         6 200   1782.0   19249    258 0.00000000  (after 8 failed attempt(s): HTTP 503, HTTP 503, HTTP 503, HTTP 503, HTTP 503, HTTP 503, HTTP 503, HTTP 503)
#   request 54552 bytes sha256 a7739345114ea9d9, 9 attempt(s), 15.8 s waited
#   attempt 1 2026-09-24T06:37:09.627243+09:00 http 503 2921.3 ms gen gen_01M3837074XF1F27899W8TK64E then sleep 1.8 s
#   attempt 2 2026-09-24T06:37:14.297573+09:00 http 503 1563.6 ms gen gen_01M383747EW0DE202GMAENA80D then sleep 2.3 s
#   attempt 3 2026-09-24T06:37:18.114623+09:00 http 503 1459.7 ms gen gen_01M383782GR0YGHFXT3AZFVG0R then sleep 2.0 s
#   attempt 4 2026-09-24T06:37:21.530521+09:00 http 503 1941.0 ms gen gen_01M3837BV0E5J30H0WP5XW9K9X then sleep 2.3 s
#   attempt 5 2026-09-24T06:37:25.742056+09:00 http 503 1351.7 ms gen gen_01M3837FCTGHB1PN10HC698N8E then sleep 1.8 s
#   attempt 6 2026-09-24T06:37:28.930026+09:00 http 503 1119.2 ms gen gen_01M3837JHEBDAHQX2M3079QGT7 then sleep 2.2 s
#   attempt 7 2026-09-24T06:37:32.225216+09:00 http 503 1332.1 ms gen gen_01M3837NW0HQCP7XW8745MMRY9 then sleep 1.7 s
#   attempt 8 2026-09-24T06:37:35.293138+09:00 http 503 1367.7 ms gen gen_01M3837RQJM461HM9FCNSJYHV4 then sleep 1.8 s
#   attempt 9 2026-09-24T06:37:38.477835+09:00 http 200 1782.0 ms gen gen_01M3837W1E0W6AQ9J72J5GAQZH
2026-09-24T06:37:41.299508+09:00 r1 A.explore   2 200   1037.9    7621     73 0.00000000
2026-09-24T06:37:48.391250+09:00 r1 B         1 200   1948.7    4260    154 0.00000000
2026-09-24T06:46:49.971848+09:00 r2 A         6 200   2249.9   20113    256 0.00000000
2026-09-24T06:46:51.396954+09:00 r2 A.explore   1 200   1424.0    4403     38 0.00000000
2026-09-24T06:47:05.456788+09:00 r2 B         4 200   1645.9   13114    607 0.00000000  (after 2 failed attempt(s): HTTP 503, HTTP 503)
#   request 43350 bytes sha256 3fe14c63a515e4da, 3 attempt(s), 4.1 s waited
#   attempt 1 2026-09-24T06:46:56.062524+09:00 http 503 1908.4 ms gen gen_01M383RWT9315162NTH2Z0RK0B then sleep 1.8 s
#   attempt 2 2026-09-24T06:46:59.747129+09:00 http 503 1710.7 ms gen gen_01M383S0AP4DMG55X51GRPRF8E then sleep 2.4 s
#   attempt 3 2026-09-24T06:47:03.810804+09:00 http 200 1645.9 ms gen gen_01M383S3ZGQ5TD6662HY49470M
2026-09-24T06:47:10.892056+09:00 r2 B.explore   2 200   1717.5    7450    293 0.00000000  (after 1 failed attempt(s): HTTP 503)
#   request 24576 bytes sha256 83c5b6a520e94df6, 2 attempt(s), 2.3 s waited
#   attempt 1 2026-09-24T06:47:05.458621+09:00 http 503 1427.7 ms gen gen_01M383S5PDG6MDDMWBGZPVZH0V then sleep 2.3 s
#   attempt 2 2026-09-24T06:47:09.174472+09:00 http 200 1717.5 ms gen gen_01M383S9DN00R0JD2VYJPDFNG4
2026-09-24T06:57:15.424641+09:00 r3 A         6 200   2060.3   20421    257 0.00000000  (after 16 failed attempt(s): HTTP 503, HTTP 503, HTTP 503, HTTP 503, HTTP 503, HTTP 503, HTTP 503, HTTP 503, HTTP 503, HTTP 503, HTTP 503, HTTP 503, HTTP 503, HTTP 503, HTTP 503, HTTP 503)
#   request 58163 bytes sha256 163fd1b15f2b45cc, 17 attempt(s), 33.8 s waited
#   attempt 1 2026-09-24T06:56:10.861651+09:00 http 503 2058.6 ms gen gen_01M3849TAFM0H5EMJZHQZN42WW then sleep 1.8 s
#   attempt 2 2026-09-24T06:56:14.742448+09:00 http 503 1529.7 ms gen gen_01M3849Y3S1C3QP0VKK3Q64PGB then sleep 2.3 s
#   attempt 3 2026-09-24T06:56:18.600486+09:00 http 503 1948.2 ms gen gen_01M384A270WR2SXENVBYT8F3VM then sleep 2.1 s
#   attempt 4 2026-09-24T06:56:22.627923+09:00 http 503 1522.2 ms gen gen_01M384A5MYV8Y9B671JAFJ5G7R then sleep 2.2 s
#   attempt 5 2026-09-24T06:56:26.360490+09:00 http 503 2085.9 ms gen gen_01M384A9W04X7F3P2VE534DGHA then sleep 2.0 s
#   attempt 6 2026-09-24T06:56:30.406431+09:00 http 503 2612.1 ms gen gen_01M384AEASRZMTG54795F4JB8N then sleep 2.2 s
#   attempt 7 2026-09-24T06:56:35.213805+09:00 http 503 1337.1 ms gen gen_01M384AHXX17Y73BHT3MMEV8YC then sleep 2.0 s
#   attempt 8 2026-09-24T06:56:38.588733+09:00 http 503 2219.0 ms gen gen_01M384AP3922ASJ0HSR41R3SH0 then sleep 2.4 s
#   attempt 9 2026-09-24T06:56:43.160704+09:00 http 503 2334.1 ms gen gen_01M384ATMK7PABHRVMAYGDADTR then sleep 2.3 s
#   attempt 10 2026-09-24T06:56:47.818367+09:00 http 503 1516.5 ms gen gen_01M384AYDEWKKC6XC3YCPG0302 then sleep 2.1 s
#   attempt 11 2026-09-24T06:56:51.413504+09:00 http 503 1479.5 ms gen gen_01M384B1X8WR812A59XMB0QGG6 then sleep 1.8 s
#   attempt 12 2026-09-24T06:56:54.651170+09:00 http 503 1944.6 ms gen gen_01M384B5GZG4PS3FDSMVP7SRN4 then sleep 2.0 s
#   attempt 13 2026-09-24T06:56:58.618731+09:00 http 503 1748.4 ms gen gen_01M384B90TK6033KB63CM53DR3 then sleep 2.3 s
#   attempt 14 2026-09-24T06:57:02.709850+09:00 http 503 1358.8 ms gen gen_01M384BCSRXBHEHYJMJ9FDCSK3 then sleep 1.9 s
#   attempt 15 2026-09-24T06:57:05.966554+09:00 http 503 1517.2 ms gen gen_01M384BG3Z4Y8B9AJ41TJ0ZBGW then sleep 2.3 s
#   attempt 16 2026-09-24T06:57:09.820002+09:00 http 503 1484.7 ms gen gen_01M384BKWD8TQCVXR9FHBHX1GK then sleep 2.1 s
#   attempt 17 2026-09-24T06:57:13.364881+09:00 http 200 2060.3 ms gen gen_01M384BQCT5HJGGYD1827EQYT2
2026-09-24T06:57:40.583650+09:00 r3 B         5 200   1854.8   16383    758 0.00000000  (after 5 failed attempt(s): HTTP 503, HTTP 503, HTTP 503, HTTP 503, HTTP 503)
#   request 54421 bytes sha256 c8aec4886c6ce9e7, 6 attempt(s), 9.8 s waited
#   attempt 1 2026-09-24T06:57:21.171557+09:00 http 503 1636.2 ms gen gen_01M384BYZ5PA33FQC8B6ZRYEC6 then sleep 2.0 s
#   attempt 2 2026-09-24T06:57:24.822951+09:00 http 503 1523.9 ms gen gen_01M384C2CDY4V0FFADECC37KB1 then sleep 1.7 s
#   attempt 3 2026-09-24T06:57:28.013444+09:00 http 503 1570.0 ms gen gen_01M384C5N3Y11T1GV6VQJ1D5GR then sleep 2.1 s
#   attempt 4 2026-09-24T06:57:31.662900+09:00 http 503 1521.2 ms gen gen_01M384C98DW72BA1BVQ04KNY58 then sleep 1.7 s
#   attempt 5 2026-09-24T06:57:34.920258+09:00 http 503 1524.9 ms gen gen_01M384CCDR54ZRRBHM30BV886T then sleep 2.3 s
#   attempt 6 2026-09-24T06:57:38.728765+09:00 http 200 1854.8 ms gen gen_01M384CG6RS7S8YWSBP3A3CGVC
2026-09-24T06:57:41.842678+09:00 r3 B.explore   1 200   1257.3    4788    147 0.00000000
2026-09-24T07:08:07.527521+09:00 r4 A         6 200   1771.1   20623    256 0.00000000  (after 24 failed attempt(s): HTTP 503, HTTP 503, HTTP 503, HTTP 503, HTTP 503, HTTP 503, HTTP 503, HTTP 503, HTTP 503, HTTP 503, HTTP 503, HTTP 503, HTTP 503, HTTP 503, HTTP 503, HTTP 503, HTTP 503, HTTP 503, HTTP 503, HTTP 503, HTTP 503, HTTP 503, HTTP 503, HTTP 503)
#   request 58685 bytes sha256 2b7ee9efff299639, 25 attempt(s), 47.2 s waited
#   attempt 1 2026-09-24T07:06:41.603737+09:00 http 503 2324.4 ms gen gen_01M384X1ZGAVMZ0TNTZPQ37QZG then sleep 2.4 s
#   attempt 2 2026-09-24T07:06:46.294227+09:00 http 503 1589.2 ms gen gen_01M384X6WF9BNWSFV22SMNP3M0 then sleep 1.8 s
#   attempt 3 2026-09-24T07:06:49.731762+09:00 http 503 1480.4 ms gen gen_01M384XA58BSVCTMHV1CT0HCAN then sleep 1.8 s
#   attempt 4 2026-09-24T07:06:53.009309+09:00 http 503 1485.4 ms gen gen_01M384XD943MGWCDWN09ZWV3F7 then sleep 2.4 s
#   attempt 5 2026-09-24T07:06:56.865048+09:00 http 503 1436.4 ms gen gen_01M384XH2HPBJVHX5K94GYSSC5 then sleep 2.3 s
#   attempt 6 2026-09-24T07:07:00.615502+09:00 http 503 1420.4 ms gen gen_01M384XMPSZD831RPHTTFDBTQE then sleep 2.0 s
#   attempt 7 2026-09-24T07:07:04.026740+09:00 http 503 1661.0 ms gen gen_01M384XR6AJCBHBRD75WMWWGNB then sleep 2.0 s
#   attempt 8 2026-09-24T07:07:07.676699+09:00 http 503 1655.8 ms gen gen_01M384XVSJ86JC7HBPGZMAP9PG then sleep 1.6 s
#   attempt 9 2026-09-24T07:07:10.973330+09:00 http 503 1605.0 ms gen gen_01M384XYZR8FW3JCBPN067XZ0M then sleep 1.8 s
#   attempt 10 2026-09-24T07:07:14.348133+09:00 http 503 1647.2 ms gen gen_01M384Y23XZ83GCCWQ3S14JJKC then sleep 1.7 s
#   attempt 11 2026-09-24T07:07:17.731218+09:00 http 503 1624.3 ms gen gen_01M384Y5KZF3XZ6XH45X5N2XV3 then sleep 1.8 s
#   attempt 12 2026-09-24T07:07:21.163929+09:00 http 503 1729.2 ms gen gen_01M384Y913R4DR3T5HF0MS3CZK then sleep 1.8 s
#   attempt 13 2026-09-24T07:07:24.673823+09:00 http 503 1370.3 ms gen gen_01M384YC5WQAYD7ST3428MJ40A then sleep 1.7 s
#   attempt 14 2026-09-24T07:07:27.740998+09:00 http 503 1397.1 ms gen gen_01M384YF6M9J9NZ4WFREYG700J then sleep 2.3 s
#   attempt 15 2026-09-24T07:07:31.466195+09:00 http 503 1408.1 ms gen gen_01M384YJSQSPWB3JZ7H4R4DPST then sleep 1.7 s
#   attempt 16 2026-09-24T07:07:34.554552+09:00 http 503 1570.6 ms gen gen_01M384YNXFA5WG3YYZ099WS801 then sleep 1.6 s
#   attempt 17 2026-09-24T07:07:37.762481+09:00 http 503 1431.5 ms gen gen_01M384YS1T040Q1WX5V8T45KM6 then sleep 1.6 s
#   attempt 18 2026-09-24T07:07:40.818114+09:00 http 503 1491.8 ms gen gen_01M384YW21YCX63PYYCGBY9YNN then sleep 2.1 s
#   attempt 19 2026-09-24T07:07:44.399549+09:00 http 503 1606.8 ms gen gen_01M384YZGR6R35B5FB9YYEQ6QG then sleep 2.3 s
#   attempt 20 2026-09-24T07:07:48.325389+09:00 http 503 1306.2 ms gen gen_01M384Z39FC6HCNWMAHPP476BR then sleep 2.2 s
#   attempt 21 2026-09-24T07:07:51.807339+09:00 http 503 1352.6 ms gen gen_01M384Z6PCXJ08V9C14HS6CRBR then sleep 2.2 s
#   attempt 22 2026-09-24T07:07:55.333306+09:00 http 503 1620.7 ms gen gen_01M384ZA9XT67KA0FSH1E8D1QE then sleep 2.1 s
#   attempt 23 2026-09-24T07:07:59.071674+09:00 http 503 1425.9 ms gen gen_01M384ZDYVD71F8SWVTV6D5JQ0 then sleep 1.6 s
#   attempt 24 2026-09-24T07:08:02.101330+09:00 http 503 1282.7 ms gen gen_01M384ZGZNA9FN9TGE3JA2T3BP then sleep 2.4 s
#   attempt 25 2026-09-24T07:08:05.756370+09:00 http 200 1771.1 ms gen gen_01M384ZMEW4QD7N9NA8DZ581TB
2026-09-24T07:08:21.033687+09:00 r4 B         4 200   1661.5   13741    614 0.00000000  (after 2 failed attempt(s): HTTP 503, HTTP 503)
#   request 45068 bytes sha256 0acedfff676cae40, 3 attempt(s), 4.3 s waited
#   attempt 1 2026-09-24T07:08:12.169680+09:00 http 503 1537.3 ms gen gen_01M384ZTR3ZVR16RP2J7ZCY8R4 then sleep 2.1 s
#   attempt 2 2026-09-24T07:08:15.823909+09:00 http 503 1384.2 ms gen gen_01M384ZY9N3EZYWDCWKQRGGM83 then sleep 2.2 s
#   attempt 3 2026-09-24T07:08:19.372082+09:00 http 200 1661.5 ms gen gen_01M38501R700NJKCNMVHB76GSD
2026-09-24T07:17:49.443653+09:00 r5 A         6 200   1877.8   20824    256 0.00000000  (after 8 failed attempt(s): HTTP 503, HTTP 503, HTTP 503, HTTP 503, HTTP 503, HTTP 503, HTTP 503, HTTP 503)
#   request 59205 bytes sha256 748805b1749979b3, 9 attempt(s), 15.8 s waited
#   attempt 1 2026-09-24T07:17:19.522789+09:00 http 503 1963.5 ms gen gen_01M385GH7HRBR7AQFV9FZF00X0 then sleep 2.1 s
#   attempt 2 2026-09-24T07:17:23.567989+09:00 http 503 1503.2 ms gen gen_01M385GN7F50YSX10FN5KMAPEE then sleep 2.0 s
#   attempt 3 2026-09-24T07:17:27.065739+09:00 http 503 1528.0 ms gen gen_01M385GRMNQZ8FEBKK4YS5VDND then sleep 1.8 s
#   attempt 4 2026-09-24T07:17:30.385347+09:00 http 503 1509.6 ms gen gen_01M385GVSCX6RHXYBS9ABBZ8F3 then sleep 1.6 s
#   attempt 5 2026-09-24T07:17:33.502819+09:00 http 503 1382.6 ms gen gen_01M385GYSF8D877GY6XC3Q01J5 then sleep 2.3 s
#   attempt 6 2026-09-24T07:17:37.137736+09:00 http 503 1391.0 ms gen gen_01M385H2EGDA5WYBCXVX550AGS then sleep 2.2 s
#   attempt 7 2026-09-24T07:17:40.749440+09:00 http 503 1412.0 ms gen gen_01M385H5VMQY0J3AH1Q2JRDEJX then sleep 1.9 s
#   attempt 8 2026-09-24T07:17:44.053705+09:00 http 503 1510.9 ms gen gen_01M385H96NXPF5N8C3ZVDG77K0 then sleep 2.0 s
#   attempt 9 2026-09-24T07:17:47.565737+09:00 http 200 1877.8 ms gen gen_01M385HCSCA5KQF290XS5Y0ZTS
2026-09-24T07:19:31.244243+09:00 r5 B         5 200   1863.7   16870    768 0.00000000  (after 28 failed attempt(s): HTTP 503, HTTP 503, HTTP 503, HTTP 503, HTTP 503, HTTP 503, HTTP 503, HTTP 503, HTTP 503, HTTP 503, HTTP 503, HTTP 503, HTTP 503, HTTP 503, HTTP 503, HTTP 503, HTTP 503, HTTP 503, HTTP 503, HTTP 503, HTTP 503, HTTP 503, HTTP 503, HTTP 503, HTTP 503, HTTP 503, HTTP 503, HTTP 503)
#   request 55395 bytes sha256 ca1336f177937396, 29 attempt(s), 55.4 s waited
#   attempt 1 2026-09-24T07:17:54.153204+09:00 http 503 1556.0 ms gen gen_01M385HK3447YE53SY1G0S39MG then sleep 1.6 s
#   attempt 2 2026-09-24T07:17:57.319137+09:00 http 503 1388.2 ms gen gen_01M385HP19WZT7PGRKYKZ9B70E then sleep 1.7 s
#   attempt 3 2026-09-24T07:18:00.390380+09:00 http 503 1180.2 ms gen gen_01M385HS0C8FTZF6TRZ9QKFJ5M then sleep 2.4 s
#   attempt 4 2026-09-24T07:18:03.935555+09:00 http 503 1483.0 ms gen gen_01M385HWM6J9XXCJRAW8SKXM8Q then sleep 2.0 s
#   attempt 5 2026-09-24T07:18:07.377430+09:00 http 503 1395.7 ms gen gen_01M385HZVVSWGEMJXZKB2N8YD4 then sleep 1.8 s
#   attempt 6 2026-09-24T07:18:10.548945+09:00 http 503 1329.1 ms gen gen_01M385J2Y4K7DHS39290QE3EXW then sleep 1.8 s
#   attempt 7 2026-09-24T07:18:13.690315+09:00 http 503 1421.7 ms gen gen_01M385J62AJDEQSKZ7P9G21HF8 then sleep 2.4 s
#   attempt 8 2026-09-24T07:18:17.472486+09:00 http 503 1511.2 ms gen gen_01M385J9V4927V4NHJW6VAEF9G then sleep 1.9 s
#   attempt 9 2026-09-24T07:18:20.860106+09:00 http 503 1975.2 ms gen gen_01M385JD4TRAN7GFVFQ318QQFH then sleep 1.7 s
#   attempt 10 2026-09-24T07:18:24.537873+09:00 http 503 1399.3 ms gen gen_01M385JGMQCPSMXDJPPPEN39QY then sleep 2.3 s
#   attempt 11 2026-09-24T07:18:28.210662+09:00 http 503 1347.0 ms gen gen_01M385JM5J00X99CBBFA0WMKFJ then sleep 2.0 s
#   attempt 12 2026-09-24T07:18:31.591199+09:00 http 503 1061.0 ms gen gen_01M385JQARYKG7GCJNXD50RKF4 then sleep 1.8 s
#   attempt 13 2026-09-24T07:18:34.448875+09:00 http 503 1512.8 ms gen gen_01M385JTENVEZ4P671KRSM8PGS then sleep 2.2 s
#   attempt 14 2026-09-24T07:18:38.190665+09:00 http 503 1473.4 ms gen gen_01M385JY1B98DEFP2C6FQFVH9V then sleep 2.2 s
#   attempt 15 2026-09-24T07:18:41.894859+09:00 http 503 1409.8 ms gen gen_01M385K1RXS691CZGVYFJMZS92 then sleep 2.2 s
#   attempt 16 2026-09-24T07:18:45.484984+09:00 http 503 1088.0 ms gen gen_01M385K51ZTPRSEBF80H1DVDQQ then sleep 1.8 s
#   attempt 17 2026-09-24T07:18:48.351125+09:00 http 503 1340.4 ms gen gen_01M385K7W20KP70JVCRG7GYEW3 then sleep 2.2 s
#   attempt 18 2026-09-24T07:18:51.884142+09:00 http 503 1031.3 ms gen gen_01M385KB8XQZ767PS5K5ZN6SDN then sleep 2.1 s
#   attempt 19 2026-09-24T07:18:54.974669+09:00 http 503 1355.3 ms gen gen_01M385KE9WQDHAHQD39AA0TQHN then sleep 2.2 s
#   attempt 20 2026-09-24T07:18:58.528341+09:00 http 503 1835.7 ms gen gen_01M385KJ5KM3MMTQV267A1TDW1 then sleep 1.9 s
#   attempt 21 2026-09-24T07:19:02.271637+09:00 http 503 1361.8 ms gen gen_01M385KNDWPE25359Y8035K358 then sleep 2.0 s
#   attempt 22 2026-09-24T07:19:05.598895+09:00 http 503 1546.4 ms gen gen_01M385KRWE0PM75167P3WXJM26 then sleep 1.7 s
#   attempt 23 2026-09-24T07:19:08.815157+09:00 http 503 1592.9 ms gen gen_01M385KW7XF3S0JG8GK6YKC4XW then sleep 2.0 s
#   attempt 24 2026-09-24T07:19:12.413246+09:00 http 503 1343.8 ms gen gen_01M385KZBHZ1D75QCY895CGKCS then sleep 2.0 s
#   attempt 25 2026-09-24T07:19:15.786904+09:00 http 503 1416.0 ms gen gen_01M385M2N4YC349Z3J8BRX5A1S then sleep 1.7 s
#   attempt 26 2026-09-24T07:19:18.931852+09:00 http 503 1441.8 ms gen gen_01M385M5SDFG3VBKQPNWT5H05M then sleep 2.1 s
#   attempt 27 2026-09-24T07:19:22.509377+09:00 http 503 1837.9 ms gen gen_01M385M97B7W1NHX16GC6S0X8T then sleep 1.9 s
#   attempt 28 2026-09-24T07:19:26.198872+09:00 http 503 1225.0 ms gen gen_01M385MCTXB3CZNJHCH3M2N47N then sleep 2.0 s
#   attempt 29 2026-09-24T07:19:29.380458+09:00 http 200 1863.7 ms gen gen_01M385MG851HYQYZR9Q8HK33TT

# totals for run zopfli-jev-r0
# http requests      14
# choice questions   55
# latency total/avg/max ms  24152.6 / 1725.2 / 2249.9
# tokens in/out      189860 / 4735
# cost usd           0.00000000
# wall clock of the run s   3453.1
# jev share of the run      0.6994%
