# jev-opt request log, run jev-v42-r5
# ts round phase questions http_status latency_ms input_tokens output_tokens cost_usd
2026-09-23T06:47:43.324849+09:00 r1 A         8 503    832.5       0      0 0.00000000  ERROR HTTP 503
2026-09-23T06:48:01.782284+09:00 r1 A.retry   8 503    807.6       0      0 0.00000000  ERROR HTTP 503
2026-09-23T06:48:02.511015+09:00 r1 A.explore   2 200    727.2    7801    133 0.00000000
2026-09-23T06:48:09.306876+09:00 r1 B         4 200    728.0   14296    607 0.00000000  (after 1 failed attempt(s): HTTP 503)
2026-09-23T06:48:12.380943+09:00 r1 B.explore   2 200    502.8    7887    295 0.00000000  (after 1 failed attempt(s): HTTP 503)
2026-09-23T06:53:35.744848+09:00 r2 A         8 503    778.5       0      0 0.00000000  ERROR HTTP 503
2026-09-23T06:53:54.138107+09:00 r2 A.retry   8 503    813.0       0      0 0.00000000  ERROR HTTP 503
2026-09-23T06:53:54.716290+09:00 r2 A.explore   2 200    577.0    7533    133 0.00000000
2026-09-23T06:54:06.241614+09:00 r2 B         4 503    656.5       0      0 0.00000000  ERROR HTTP 503
2026-09-23T06:54:24.446860+09:00 r2 B.retry   4 503    620.7       0      0 0.00000000  ERROR HTTP 503
2026-09-23T06:54:25.073026+09:00 r2 B.explore   1 200    624.8    5227    149 0.00000000
2026-09-23T06:59:37.082539+09:00 r3 A         8 503    866.8       0      0 0.00000000  ERROR HTTP 503
2026-09-23T06:59:55.669963+09:00 r3 A.retry   8 200    974.7   28307    582 0.00000000  (after 2 failed attempt(s): HTTP 503, HTTP 503)
2026-09-23T06:59:59.014150+09:00 r3 A.explore   2 200    715.5    8358    133 0.00000000  (after 1 failed attempt(s): HTTP 503)
2026-09-23T07:00:03.269540+09:00 r3 B         4 200    962.9   16037    610 0.00000000
2026-09-23T07:05:08.372517+09:00 r4 A         8 503    949.7       0      0 0.00000000  ERROR HTTP 503
2026-09-23T07:05:26.983958+09:00 r4 A.retry   8 503    835.5       0      0 0.00000000  ERROR HTTP 503
2026-09-23T07:05:34.017580+09:00 r4 B         4 200    907.4   16193    610 0.00000000  (after 1 failed attempt(s): HTTP 503)
2026-09-23T07:10:44.186542+09:00 r5 A         8 200    882.4   30262    581 0.00000000  (after 2 failed attempt(s): HTTP 503, HTTP 503)
2026-09-23T07:10:55.701571+09:00 r5 B         4 503    761.6       0      0 0.00000000  ERROR HTTP 503
2026-09-23T07:11:14.179382+09:00 r5 B.retry   4 503    780.9       0      0 0.00000000  ERROR HTTP 503

# totals for run jev-v42-r5
# http requests      21
# choice questions   109
# latency total/avg/max ms  16306.0 / 776.5 / 974.7
# tokens in/out      141901 / 3833
# cost usd           0.00000000
# wall clock of the run s   1864.6
# jev share of the run      0.8745%
